Archive member included because of file (symbol)

contiki-z1.a(contiki-z1-plat)
                              obj_z1/contiki-z1-main.o (init_platform)
contiki-z1.a(msp430.o)        obj_z1/contiki-z1-main.o (splhigh_)
contiki-z1.a(leds.o)          obj_z1/contiki-z1-main.o (leds_init)
contiki-z1.a(watchdog.o)      obj_z1/contiki-z1-main.o (watchdog_start)
contiki-z1.a(xmem.o)          obj_z1/contiki-z1-main.o (xmem_init)
contiki-z1.a(spi.o)           contiki-z1.a(xmem.o) (spi_init)
contiki-z1.a(cc2420.o)        obj_z1/contiki-z1-main.o (cc2420_set_pan_addr)
contiki-z1.a(cc2420-arch.o)   contiki-z1.a(cc2420.o) (cc2420_arch_init)
contiki-z1.a(node-id.o)       obj_z1/contiki-z1-main.o (node_id_restore)
contiki-z1.a(sensors.o)       contiki-z1.a(contiki-z1-plat) (sensors_process)
contiki-z1.a(uart0.o)         obj_z1/contiki-z1-main.o (uart0_active)
contiki-z1.a(uart0-putchar.o)
                              obj_z1/contiki-z1-main.o (putchar)
contiki-z1.a(z1-sensors.o)    contiki-z1.a(sensors.o) (sensors_flags)
contiki-z1.a(adxl345.o)       obj_z1/contiki-z1-main.o (adxl345)
contiki-z1.a(tmp102.o)        contiki-z1.a(z1-sensors.o) (tmp102)
contiki-z1.a(clock.o)         obj_z1/contiki-z1-main.o (clock_init)
contiki-z1.a(leds-arch.o)     contiki-z1.a(leds.o) (leds_arch_init)
contiki-z1.a(rtimer-arch.o)   obj_z1/contiki-z1-main.o (rtimer_arch_now)
contiki-z1.a(autostart.o)     obj_z1/contiki-z1-main.o (autostart_start)
contiki-z1.a(energest.o)      obj_z1/contiki-z1-main.o (energest_init)
contiki-z1.a(etimer.o)        contiki-z1.a(clock.o) (etimer_request_poll)
contiki-z1.a(ctimer.o)        obj_z1/contiki-z1-main.o (ctimer_init)
contiki-z1.a(process.o)       contiki-z1.a(etimer.o) (process_current)
contiki-z1.a(rtimer.o)        obj_z1/contiki-z1-main.o (rtimer_init)
contiki-z1.a(timer.o)         contiki-z1.a(adxl345.o) (timer_set)
contiki-z1.a(list.o)          contiki-z1.a(ctimer.o) (list_init)
contiki-z1.a(random.o)        obj_z1/contiki-z1-main.o (random_init)
contiki-z1.a(uip-ds6.o)       obj_z1/contiki-z1-main.o (uip_ds6_get_link_local)
contiki-z1.a(uip-ds6-route.o)
                              contiki-z1.a(uip-ds6.o) (uip_ds6_route_init)
contiki-z1.a(uip6.o)          obj_z1/mqtt_sn.o (uip_htons)
contiki-z1.a(uip-ds6-nbr.o)   contiki-z1.a(uip-ds6.o) (uip_ds6_neighbors_init)
contiki-z1.a(uip-nd6.o)       contiki-z1.a(uip6.o) (uip_nd6_init)
contiki-z1.a(sicslowpan.o)    obj_z1/contiki-z1-main.o (sicslowpan_driver)
contiki-z1.a(uip-debug.o)     obj_z1/mqtt_sn.o (uip_debug_ipaddr_print)
contiki-z1.a(tcpip.o)         contiki-z1.a(sicslowpan.o) (tcpip_set_outputfunc)
contiki-z1.a(simple-udp.o)    obj_z1/mqtt_sn.o (simple_udp_send)
contiki-z1.a(rpl-dag.o)       contiki-z1.a(tcpip.o) (rpl_repair_root)
contiki-z1.a(rpl-timers.o)    contiki-z1.a(rpl-dag.o) (rpl_reset_dio_timer)
contiki-z1.a(rpl-ext-header.)
                              contiki-z1.a(uip6.o) (rpl_verify_hbh_header)
contiki-z1.a(rpl.o)           contiki-z1.a(rpl-timers.o) (rpl_get_mode)
contiki-z1.a(rpl-mrhof.o)     contiki-z1.a(rpl-dag.o) (rpl_mrhof)
contiki-z1.a(queuebuf.o)      obj_z1/contiki-z1-main.o (queuebuf_init)
contiki-z1.a(nbr-table.o)     contiki-z1.a(uip-ds6-route.o) (nbr_table_register)
contiki-z1.a(packetbuf.o)     contiki-z1.a(cc2420.o) (packetbuf_set_datalen)
contiki-z1.a(linkaddr.o)      obj_z1/contiki-z1-main.o (linkaddr_copy)
contiki-z1.a(link-stats.o)    contiki-z1.a(rpl-dag.o) (link_stats_from_lladdr)
contiki-z1.a(nullmac.o)       obj_z1/contiki-z1-main.o (nullmac_driver)
contiki-z1.a(framer-802154.o)
                              contiki-z1.a(sicslowpan.o) (framer_802154)
contiki-z1.a(nullrdc.o)       obj_z1/contiki-z1-main.o (nullrdc_driver)
contiki-z1.a(nullsec.o)       obj_z1/contiki-z1-main.o (nullsec_driver)
contiki-z1.a(i2cmaster.o)     contiki-z1.a(adxl345.o) (i2c_receiveinit)
contiki-z1.a(button-sensor.o)
                              contiki-z1.a(z1-sensors.o) (button_sensor)
contiki-z1.a(stimer.o)        contiki-z1.a(uip-ds6.o) (stimer_set)
contiki-z1.a(memb.o)          contiki-z1.a(uip-ds6-route.o) (memb_init)
contiki-z1.a(uip-icmp6.o)     contiki-z1.a(uip6.o) (uip_icmp6_input)
contiki-z1.a(uip-udp-packet.)
                              contiki-z1.a(simple-udp.o) (uip_udp_packet_sendto)
contiki-z1.a(rpl-icmp6.o)     contiki-z1.a(rpl-dag.o) (rpl_icmp6_update_nbr_table)
contiki-z1.a(rpl-nbr-policy.)
                              contiki-z1.a(nbr-table.o) (rpl_nbr_policy_find_removable)
contiki-z1.a(frame802154.o)   contiki-z1.a(framer-802154.o) (frame802154_get_pan_id)
contiki-z1.a(mac.o)           contiki-z1.a(nullrdc.o) (mac_call_sent_callback)
/usr/lib/gcc/msp430/4.6.3/mcpu-430x/mmpy-16/libgcc.a(_mulsi3.o)
                              contiki-z1.a(rpl-timers.o) (__mulsi3)
/usr/lib/gcc/msp430/4.6.3/mcpu-430x/mmpy-16/libgcc.a(_udivmod16.o)
                              contiki-z1.a(rpl-dag.o) (__udivhi3)
/usr/lib/gcc/msp430/4.6.3/mcpu-430x/mmpy-16/libgcc.a(_divmod16.o)
[...]
Memory Configuration

Name             Origin             Length             Attributes
sfr              0x0000000000000000 0x0000000000000010
peripheral_8bit  0x0000000000000010 0x00000000000000f0
peripheral_16bit 0x0000000000000100 0x0000000000000100
ram_mirror       0x0000000000000200 0x0000000000000800 xw
infomem          0x0000000000001000 0x0000000000000100
infod            0x0000000000001000 0x0000000000000040
infoc            0x0000000000001040 0x0000000000000040
infob            0x0000000000001080 0x0000000000000040
infoa            0x00000000000010c0 0x0000000000000040
ram              0x0000000000001100 0x0000000000002000 xw
rom              0x0000000000003100 0x000000000000cebe xr
vectors          0x000000000000ffc0 0x0000000000000040
far_rom          0x0000000000010000 0x000000000000a000
bsl              0x0000000000000000 0x0000000000000000
ram2             0x0000000000000000 0x0000000000000000 xw
usbram           0x0000000000000000 0x0000000000000000 xw
*default*        0x0000000000000000 0xffffffffffffffff

Linker script and memory map

LOAD /usr/lib/gcc/msp430/4.6.3/mcpu-430x/mmpy-16/crt0ivtbl32.o
                0x0000000000000041                __P1SEL2 = 0x41
                0x0000000000000045                __P5SEL2 = 0x45
LOAD main_core_temp.co
LOAD obj_z1/mqtt_sn.o
LOAD obj_z1/contiki-z1-main.o
LOAD contiki-z1.a
LOAD /usr/lib/gcc/msp430/4.6.3/mcpu-430x/mmpy-16/libgcc.a
LOAD /usr/lib/gcc/msp430/4.6.3/../../../../msp430/lib/mcpu-430x/mmpy-16/libc.a
LOAD /usr/lib/gcc/msp430/4.6.3/mcpu-430x/mmpy-16/libgcc.a
LOAD /usr/lib/gcc/msp430/4.6.3/mcpu-430x/mmpy-16/libcrt0.a
                0x0000000000000040                PROVIDE (__info_segment_size, 0x40)
                0x0000000000001000                PROVIDE (__infod, 0x1000)
                0x0000000000001040                PROVIDE (__infoc, 0x1040)
                0x0000000000001080                PROVIDE (__infob, 0x1080)
                0x00000000000010c0                PROVIDE (__infoa, 0x10c0)
                0x0000000000000000                __IE1 = 0x0
                0x0000000000000002                __IFG1 = 0x2
                0x0000000000000001                __IE2 = 0x1
                0x0000000000000003                __IFG2 = 0x3
                0x0000000000000006                __UC1IE = 0x6
                0x0000000000000007                __UC1IFG = 0x7
                0x00000000000001a0                __ADC12CTL0 = 0x1a0
                0x00000000000001a2                __ADC12CTL1 = 0x1a2
                0x00000000000001a4                __ADC12IFG = 0x1a4
                0x00000000000001a6                __ADC12IE = 0x1a6
                0x00000000000001a8                __ADC12IV = 0x1a8
                0x0000000000000140                __ADC12MEM0 = 0x140
                0x0000000000000142                __ADC12MEM1 = 0x142
                0x0000000000000144                __ADC12MEM2 = 0x144
                0x0000000000000146                __ADC12MEM3 = 0x146
                0x0000000000000148                __ADC12MEM4 = 0x148
                0x000000000000014a                __ADC12MEM5 = 0x14a
                0x000000000000014c                __ADC12MEM6 = 0x14c
                0x000000000000014e                __ADC12MEM7 = 0x14e
                0x0000000000000150                __ADC12MEM8 = 0x150
                0x0000000000000152                __ADC12MEM9 = 0x152
                0x0000000000000154                __ADC12MEM10 = 0x154
                0x0000000000000156                __ADC12MEM11 = 0x156
                0x0000000000000158                __ADC12MEM12 = 0x158
                0x000000000000015a                __ADC12MEM13 = 0x15a
                0x000000000000015c                __ADC12MEM14 = 0x15c
                0x000000000000015e                __ADC12MEM15 = 0x15e
                0x0000000000000080                __ADC12MCTL0 = 0x80
                0x0000000000000081                __ADC12MCTL1 = 0x81
                0x0000000000000082                __ADC12MCTL2 = 0x82
                0x0000000000000083                __ADC12MCTL3 = 0x83
                0x0000000000000084                __ADC12MCTL4 = 0x84
                0x0000000000000085                __ADC12MCTL5 = 0x85
                0x0000000000000086                __ADC12MCTL6 = 0x86
                0x0000000000000087                __ADC12MCTL7 = 0x87
                0x0000000000000088                __ADC12MCTL8 = 0x88
                0x0000000000000089                __ADC12MCTL9 = 0x89
                0x000000000000008a                __ADC12MCTL10 = 0x8a
                0x000000000000008b                __ADC12MCTL11 = 0x8b
                0x000000000000008c                __ADC12MCTL12 = 0x8c
                0x000000000000008d                __ADC12MCTL13 = 0x8d
                0x000000000000008e                __ADC12MCTL14 = 0x8e
                0x000000000000008f                __ADC12MCTL15 = 0x8f
                0x0000000000000056                __DCOCTL = 0x56
                0x0000000000000057                __BCSCTL1 = 0x57
                0x0000000000000058                __BCSCTL2 = 0x58
                0x0000000000000053                __BCSCTL3 = 0x53
                0x0000000000000059                __CACTL1 = 0x59
                0x000000000000005a                __CACTL2 = 0x5a
                0x000000000000005b                __CAPD = 0x5b
                0x00000000000001c0                __DAC12_0CTL = 0x1c0
                0x00000000000001c2                __DAC12_1CTL = 0x1c2
                0x00000000000001c8                __DAC12_0DAT = 0x1c8
                0x00000000000001ca                __DAC12_1DAT = 0x1ca
                0x0000000000000122                __DMACTL0 = 0x122
                0x0000000000000124                __DMACTL1 = 0x124
                0x0000000000000126                __DMAIV = 0x126
                0x00000000000001d0                __DMA0CTL = 0x1d0
                0x00000000000001dc                __DMA1CTL = 0x1dc
                0x00000000000001e8                __DMA2CTL = 0x1e8
                0x00000000000001d2                __DMA0SA = 0x1d2
                0x00000000000001d2                __DMA0SAL = 0x1d2
                0x00000000000001d6                __DMA0DA = 0x1d6
                0x00000000000001d6                __DMA0DAL = 0x1d6
                0x00000000000001da                __DMA0SZ = 0x1da
                0x00000000000001de                __DMA1SA = 0x1de
                0x00000000000001de                __DMA1SAL = 0x1de
                0x00000000000001e2                __DMA1DA = 0x1e2
                0x00000000000001e2                __DMA1DAL = 0x1e2
                0x00000000000001e6                __DMA1SZ = 0x1e6
                0x00000000000001ea                __DMA2SA = 0x1ea
                0x00000000000001ea                __DMA2SAL = 0x1ea
                0x00000000000001ee                __DMA2DA = 0x1ee
                0x00000000000001ee                __DMA2DAL = 0x1ee
                0x00000000000001f2                __DMA2SZ = 0x1f2
                0x0000000000000128                __FCTL1 = 0x128
                0x000000000000012a                __FCTL2 = 0x12a
                0x000000000000012c                __FCTL3 = 0x12c
                0x00000000000001be                __FCTL4 = 0x1be
                0x0000000000000130                __MPY = 0x130
                0x0000000000000132                __MPYS = 0x132
                0x0000000000000134                __MAC = 0x134
                0x0000000000000136                __MACS = 0x136
                0x0000000000000138                __OP2 = 0x138
                0x000000000000013a                __RESLO = 0x13a
                0x000000000000013c                __RESHI = 0x13c
                0x000000000000013e                __SUMEXT = 0x13e
                0x0000000000000020                __P1IN = 0x20
                0x0000000000000021                __P1OUT = 0x21
                0x0000000000000022                __P1DIR = 0x22
                0x0000000000000023                __P1IFG = 0x23
                0x0000000000000024                __P1IES = 0x24
                0x0000000000000025                __P1IE = 0x25
                0x0000000000000026                __P1SEL = 0x26
                0x0000000000000027                __P1REN = 0x27
                0x0000000000000028                __P2IN = 0x28
                0x0000000000000029                __P2OUT = 0x29
                0x000000000000002a                __P2DIR = 0x2a
                0x000000000000002b                __P2IFG = 0x2b
                0x000000000000002c                __P2IES = 0x2c
                0x000000000000002d                __P2IE = 0x2d
                0x000000000000002e                __P2SEL = 0x2e
                0x000000000000002f                __P2REN = 0x2f
                0x0000000000000018                __P3IN = 0x18
                0x0000000000000019                __P3OUT = 0x19
                0x000000000000001a                __P3DIR = 0x1a
                0x000000000000001b                __P3SEL = 0x1b
                0x0000000000000010                __P3REN = 0x10
                0x000000000000001c                __P4IN = 0x1c
                0x000000000000001d                __P4OUT = 0x1d
                0x000000000000001e                __P4DIR = 0x1e
                0x000000000000001f                __P4SEL = 0x1f
                0x0000000000000011                __P4REN = 0x11
                0x0000000000000030                __P5IN = 0x30
                0x0000000000000031                __P5OUT = 0x31
                0x0000000000000032                __P5DIR = 0x32
                0x0000000000000033                __P5SEL = 0x33
                0x0000000000000012                __P5REN = 0x12
                0x0000000000000034                __P6IN = 0x34
                0x0000000000000035                __P6OUT = 0x35
                0x0000000000000036                __P6DIR = 0x36
                0x0000000000000037                __P6SEL = 0x37
                0x0000000000000013                __P6REN = 0x13
                0x0000000000000038                __P7IN = 0x38
                0x000000000000003a                __P7OUT = 0x3a
                0x000000000000003c                __P7DIR = 0x3c
                0x000000000000003e                __P7SEL = 0x3e
                0x0000000000000014                __P7REN = 0x14
                0x0000000000000039                __P8IN = 0x39
                0x000000000000003b                __P8OUT = 0x3b
                0x000000000000003d                __P8DIR = 0x3d
                0x000000000000003f                __P8SEL = 0x3f
                0x0000000000000015                __P8REN = 0x15
                0x0000000000000038                __PAIN = 0x38
                0x000000000000003a                __PAOUT = 0x3a
                0x000000000000003c                __PADIR = 0x3c
                0x000000000000003e                __PASEL = 0x3e
                0x0000000000000014                __PAREN = 0x14
                0x0000000000000055                __SVSCTL = 0x55
                0x000000000000012e                __TAIV = 0x12e
                0x0000000000000160                __TACTL = 0x160
                0x0000000000000162                __TACCTL0 = 0x162
                0x0000000000000164                __TACCTL1 = 0x164
                0x0000000000000166                __TACCTL2 = 0x166
                0x0000000000000170                __TAR = 0x170
                0x0000000000000172                __TACCR0 = 0x172
                0x0000000000000174                __TACCR1 = 0x174
                0x0000000000000176                __TACCR2 = 0x176
                0x000000000000011e                __TBIV = 0x11e
                0x0000000000000180                __TBCTL = 0x180
                0x0000000000000182                __TBCCTL0 = 0x182
                0x0000000000000184                __TBCCTL1 = 0x184
                0x0000000000000186                __TBCCTL2 = 0x186
                0x0000000000000188                __TBCCTL3 = 0x188
                0x000000000000018a                __TBCCTL4 = 0x18a
                0x000000000000018c                __TBCCTL5 = 0x18c
                0x000000000000018e                __TBCCTL6 = 0x18e
                0x0000000000000190                __TBR = 0x190
                0x0000000000000192                __TBCCR0 = 0x192
                0x0000000000000194                __TBCCR1 = 0x194
                0x0000000000000196                __TBCCR2 = 0x196
                0x0000000000000198                __TBCCR3 = 0x198
                0x000000000000019a                __TBCCR4 = 0x19a
                0x000000000000019c                __TBCCR5 = 0x19c
                0x000000000000019e                __TBCCR6 = 0x19e
                0x0000000000000060                __UCA0CTL0 = 0x60
                0x0000000000000061                __UCA0CTL1 = 0x61
                0x0000000000000062                __UCA0BR0 = 0x62
                0x0000000000000063                __UCA0BR1 = 0x63
                0x0000000000000064                __UCA0MCTL = 0x64
                0x0000000000000065                __UCA0STAT = 0x65
                0x0000000000000066                __UCA0RXBUF = 0x66
                0x0000000000000067                __UCA0TXBUF = 0x67
                0x000000000000005d                __UCA0ABCTL = 0x5d
                0x000000000000005e                __UCA0IRTCTL = 0x5e
                0x000000000000005f                __UCA0IRRCTL = 0x5f
                0x0000000000000068                __UCB0CTL0 = 0x68
                0x0000000000000069                __UCB0CTL1 = 0x69
                0x000000000000006a                __UCB0BR0 = 0x6a
                0x000000000000006b                __UCB0BR1 = 0x6b
                0x000000000000006c                __UCB0I2CIE = 0x6c
                0x000000000000006d                __UCB0STAT = 0x6d
                0x000000000000006e                __UCB0RXBUF = 0x6e
                0x000000000000006f                __UCB0TXBUF = 0x6f
                0x0000000000000118                __UCB0I2COA = 0x118
                0x000000000000011a                __UCB0I2CSA = 0x11a
                0x00000000000000d0                __UCA1CTL0 = 0xd0
                0x00000000000000d1                __UCA1CTL1 = 0xd1
                0x00000000000000d2                __UCA1BR0 = 0xd2
                0x00000000000000d3                __UCA1BR1 = 0xd3
                0x00000000000000d4                __UCA1MCTL = 0xd4
                0x00000000000000d5                __UCA1STAT = 0xd5
                0x00000000000000d6                __UCA1RXBUF = 0xd6
                0x00000000000000d7                __UCA1TXBUF = 0xd7
                0x00000000000000cd                __UCA1ABCTL = 0xcd
                0x00000000000000ce                __UCA1IRTCTL = 0xce
                0x00000000000000cf                __UCA1IRRCTL = 0xcf
                0x00000000000000d8                __UCB1CTL0 = 0xd8
                0x00000000000000d9                __UCB1CTL1 = 0xd9
                0x00000000000000da                __UCB1BR0 = 0xda
                0x00000000000000db                __UCB1BR1 = 0xdb
                0x00000000000000dc                __UCB1I2CIE = 0xdc
                0x00000000000000dd                __UCB1STAT = 0xdd
                0x00000000000000de                __UCB1RXBUF = 0xde
                0x00000000000000df                __UCB1TXBUF = 0xdf
                0x000000000000017c                __UCB1I2COA = 0x17c
                0x000000000000017e                __UCB1I2CSA = 0x17e
                0x0000000000000120                __WDTCTL = 0x120
                0x00000000000010c0                __TLV_CHECKSUM = 0x10c0
                0x00000000000010f6                __TLV_DCO_30_TAG = 0x10f6
                0x00000000000010f7                __TLV_DCO_30_LEN = 0x10f7
                0x00000000000010da                __TLV_ADC12_1_TAG = 0x10da
                0x00000000000010db                __TLV_ADC12_1_LEN = 0x10db
                0x00000000000010f8                __CALDCO_16MHZ = 0x10f8
                0x00000000000010f9                __CALBC1_16MHZ = 0x10f9
                0x00000000000010fa                __CALDCO_12MHZ = 0x10fa
                0x00000000000010fb                __CALBC1_12MHZ = 0x10fb
                0x00000000000010fc                __CALDCO_8MHZ = 0x10fc
                0x00000000000010fd                __CALBC1_8MHZ = 0x10fd
                0x00000000000010fe                __CALDCO_1MHZ = 0x10fe
                0x00000000000010ff                __CALBC1_1MHZ = 0x10ff

.hash
 *(.hash)

.dynsym
 *(.dynsym)

.dynstr
 *(.dynstr)

.gnu.version
 *(.gnu.version)

.gnu.version_d
 *(.gnu.version_d)

.gnu.version_r
 *(.gnu.version_r)

.rel.init
 *(.rel.init)

.rela.init
 *(.rela.init)

.rel.fini
 *(.rel.fini)

.rela.fini
 *(.rela.fini)

.rel.text
 *(.rel.text .rel.text.* .rel.gnu.linkonce.t.*)

.rela.text
 *(.rela.text .rela.text.* .rela.gnu.linkonce.t.*)

.rel.rodata
 *(.rel.rodata .rel.rodata.* .rel.gnu.linkonce.r.*)

.rela.rodata
 *(.rela.rodata .rela.rodata.* .rela.gnu.linkonce.r.*)

.rel.data
 *(.rel.data .rel.data.* .rel.gnu.linkonce.d.*)

.rela.data
 *(.rela.data .rela.data.* .rela.gnu.linkonce.d.*)

.rel.bss
 *(.rel.bss .rel.bss.* .rel.gnu.linkonce.b.*)

.rela.bss
 *(.rela.bss .rela.bss.* .rela.gnu.linkonce.b.*)

.rel.ctors
 *(.rel.ctors)

.rela.ctors
 *(.rela.ctors)

.rel.dtors
 *(.rel.dtors)

.rela.dtors
 *(.rela.dtors)

.rel.got
 *(.rel.got)

.rela.got
 *(.rela.got)

.rel.plt
 *(.rel.plt)

.rela.plt
 *(.rela.plt)

.text           0x0000000000003100     0xae84
                0x0000000000003100                . = ALIGN (0x2)
 *(.init .init.*)
 *(.init0)
 .init0         0x0000000000003100        0x0 /usr/lib/gcc/msp430/4.6.3/mcpu-430x/mmpy-16/libcrt0.a(_reset_vector__.o)
                0x0000000000003100                _reset_vector__
 *(.init1)
 .init1         0x0000000000003100        0xc /usr/lib/gcc/msp430/4.6.3/mcpu-430x/mmpy-16/libcrt0.a(__watchdog_support.o)
                0x0000000000003100                __watchdog_support
 *(.init2)
 .init2         0x000000000000310c        0x4 /usr/lib/gcc/msp430/4.6.3/mcpu-430x/mmpy-16/libcrt0.a(__init_stack.o)
                0x000000000000310c                __init_stack
 *(.init3)
 .init3         0x0000000000003110        0x0 /usr/lib/gcc/msp430/4.6.3/mcpu-430x/mmpy-16/libcrt0.a(__low_level_init.o)
                0x0000000000003110                __low_level_init
 *(.init4)
 .init4         0x0000000000003110       0x18 /usr/lib/gcc/msp430/4.6.3/mcpu-430x/mmpy-16/libcrt0.a(_copy_data.o)
                0x0000000000003110                __do_copy_data
 .init4         0x0000000000003128       0x16 /usr/lib/gcc/msp430/4.6.3/mcpu-430x/mmpy-16/libcrt0.a(_clear_bss.o)
                0x0000000000003128                __do_clear_bss
 *(.init5)
 *(.init6)
 *(.init7)
 *(.init8)
 *(.init9)
 .init9         0x000000000000313e      0x350 obj_z1/contiki-z1-main.o
                0x000000000000313e                main
 *(.fini9)
 .fini9         0x000000000000348e        0x0 /usr/lib/gcc/msp430/4.6.3/mcpu-430x/mmpy-16/libcrt0.a(__stop_progExec__.o)
                0x000000000000348e                __stop_progExec__
 *(.fini8)
 *(.fini7)
 *(.fini6)
 *(.fini5)
 *(.fini4)
 *(.fini3)
 *(.fini2)
 *(.fini1)
 *(.fini0)
 .fini0         0x000000000000348e        0x6 /usr/lib/gcc/msp430/4.6.3/mcpu-430x/mmpy-16/libcrt0.a(_endless_loop__.o)
                0x000000000000348e                _endless_loop__
 *(.fini .fini.*)
                0x0000000000003494                . = ALIGN (0x2)
                0x0000000000003494                __ctors_start = .
 *(.ctors)
                0x0000000000003494                __ctors_end = .
                0x0000000000003494                __dtors_start = .
 *(.dtors)
                0x0000000000003494                __dtors_end = .
                0x0000000000003494                . = ALIGN (0x2)
 *(.text .text.* .gnu.linkonce.t.*)
 .text          0x0000000000003494        0x4 /usr/lib/gcc/msp430/4.6.3/mcpu-430x/mmpy-16/crt0ivtbl32.o
                0x0000000000003494                __isr_14
                0x0000000000003494                __isr_4
                0x0000000000003494                __isr_29
                0x0000000000003494                __isr_11
                0x0000000000003494                __isr_5
                0x0000000000003494                __isr_2
                0x0000000000003494                __isr_10
                0x0000000000003494                __isr_7
                0x0000000000003494                __isr_0
                0x0000000000003494                __isr_28
                0x0000000000003494                __isr_8
                0x0000000000003494                __isr_20
                0x0000000000003494                __isr_3
                0x0000000000003494                __isr_12
                0x0000000000003494                __isr_13
                0x0000000000003494                __isr_27
                0x0000000000003494                __isr_9
                0x0000000000003494                __isr_30
                0x0000000000003494                __isr_6
                0x0000000000003494                __isr_22
                0x0000000000003494                __isr_1
                0x0000000000003494                __isr_15
                0x0000000000003494                __isr_21
 .text.mqtt_sn_callback
                0x0000000000003498       0x24 main_core_temp.co
                0x0000000000003498                mqtt_sn_callback
 .text.init_broker
                0x00000000000034bc       0xe0 main_core_temp.co
                0x00000000000034bc                init_broker
 .text.process_thread_init_system_process
                0x000000000000359c       0x9c main_core_temp.co
 .text.unlock_tasks
                0x0000000000003638        0xe obj_z1/mqtt_sn.o
                0x0000000000003638                unlock_tasks
 .text.parse_mqtt_type_string
                0x0000000000003646       0x68 obj_z1/mqtt_sn.o
                0x0000000000003646                parse_mqtt_type_string
 .text.mqtt_sn_get_qos_flag
                0x00000000000036ae       0x12 obj_z1/mqtt_sn.o
                0x00000000000036ae                mqtt_sn_get_qos_flag
 .text.verf_hist_sub
                0x00000000000036c0       0x46 obj_z1/mqtt_sn.o
                0x00000000000036c0                verf_hist_sub
 .text.verf_register
                0x0000000000003706       0x26 obj_z1/mqtt_sn.o
                0x0000000000003706                verf_register
 .text.mqtt_sn_will_topic_send
                0x000000000000372c       0x62 obj_z1/mqtt_sn.o
                0x000000000000372c                mqtt_sn_will_topic_send
 .text.mqtt_sn_will_message_send
                0x000000000000378e       0x5c obj_z1/mqtt_sn.o
                0x000000000000378e                mqtt_sn_will_message_send
 .text.mqtt_sn_ping_send
                0x00000000000037ea       0x68 obj_z1/mqtt_sn.o
                0x00000000000037ea                mqtt_sn_ping_send
 .text.timeout_ping_mqtt
                0x0000000000003852       0x50 obj_z1/mqtt_sn.o
                0x0000000000003852                timeout_ping_mqtt
 .text.mqtt_sn_con_send
                0x00000000000038a2       0x90 obj_z1/mqtt_sn.o
                0x00000000000038a2                mqtt_sn_con_send
 .text.mqtt_sn_reg_send
                0x0000000000003932       0x9c obj_z1/mqtt_sn.o
                0x0000000000003932                mqtt_sn_reg_send
 .text.mqtt_sn_regack_send
                0x00000000000039ce       0x40 obj_z1/mqtt_sn.o
                0x00000000000039ce                mqtt_sn_regack_send
 .text.mqtt_sn_pub_send
                0x0000000000003a0e       0xc6 obj_z1/mqtt_sn.o
                0x0000000000003a0e                mqtt_sn_pub_send
 .text.mqtt_sn_pub
                0x0000000000003ad4       0x32 obj_z1/mqtt_sn.o
                0x0000000000003ad4                mqtt_sn_pub
 .text.mqtt_sn_sub_send
                0x0000000000003b06       0x7c obj_z1/mqtt_sn.o
                0x0000000000003b06                mqtt_sn_sub_send
 .text.timeout_con
                0x0000000000003b82       0xb6 obj_z1/mqtt_sn.o
                0x0000000000003b82                timeout_con
 .text.mqtt_sn_sub_send_wildcard
                0x0000000000003c38       0x84 obj_z1/mqtt_sn.o
                0x0000000000003c38                mqtt_sn_sub_send_wildcard
 .text.mqtt_sn_insert_queue
                0x0000000000003cbc       0xa0 obj_z1/mqtt_sn.o
                0x0000000000003cbc                mqtt_sn_insert_queue
 .text.mqtt_sn_sub_wildcard
                0x0000000000003d5c       0x36 obj_z1/mqtt_sn.o
                0x0000000000003d5c                mqtt_sn_sub_wildcard
 .text.mqtt_sn_sub
                0x0000000000003d92       0x98 obj_z1/mqtt_sn.o
                0x0000000000003d92                mqtt_sn_sub
 .text.mqtt_sn_delete_queue
                0x0000000000003e2a       0x82 obj_z1/mqtt_sn.o
                0x0000000000003e2a                mqtt_sn_delete_queue
 .text.mqtt_sn_check_empty
                0x0000000000003eac        0xc obj_z1/mqtt_sn.o
                0x0000000000003eac                mqtt_sn_check_empty
 .text.init_vectors
                0x0000000000003eb8       0x2c obj_z1/mqtt_sn.o
                0x0000000000003eb8                init_vectors
 .text.mqtt_sn_recv_parser
                0x0000000000003ee4      0x1d4 obj_z1/mqtt_sn.o
                0x0000000000003ee4                mqtt_sn_recv_parser
 .text.mqtt_sn_udp_rec_cb
                0x00000000000040b8        0xa obj_z1/mqtt_sn.o
                0x00000000000040b8                mqtt_sn_udp_rec_cb
 .text.mqtt_sn_create_sck
                0x00000000000040c2      0x1d4 obj_z1/mqtt_sn.o
                0x00000000000040c2                mqtt_sn_create_sck
 .text.process_thread_mqtt_sn_main
                0x0000000000004296      0x326 obj_z1/mqtt_sn.o
 .text.mqtt_sn_init
                0x00000000000045bc       0x70 obj_z1/mqtt_sn.o
                0x00000000000045bc                mqtt_sn_init
 .text.init_platform
                0x000000000000462c        0xc contiki-z1.a(contiki-z1-plat)
                0x000000000000462c                init_platform
 .text.msp430_init_dco
                0x0000000000004638       0x28 contiki-z1.a(msp430.o)
                0x0000000000004638                msp430_init_dco
 .text.splhigh_
                0x0000000000004660        0x8 contiki-z1.a(msp430.o)
                0x0000000000004660                splhigh_
 .text.msp430_sync_dco
                0x0000000000004668       0x72 contiki-z1.a(msp430.o)
                0x0000000000004668                msp430_sync_dco
 .text.msp430_cpu_init
                0x00000000000046da       0x2e contiki-z1.a(msp430.o)
                0x00000000000046da                msp430_cpu_init
 .text.show_leds
                0x0000000000004708       0xee contiki-z1.a(leds.o)
 .text.leds_init
                0x00000000000047f6        0xa contiki-z1.a(leds.o)
                0x00000000000047f6                leds_init
 .text.leds_on  0x0000000000004800        0xa contiki-z1.a(leds.o)
                0x0000000000004800                leds_on
 .text.leds_off
                0x000000000000480a        0xe contiki-z1.a(leds.o)
                0x000000000000480a                leds_off
 .text.watchdog_interrupt
                0x0000000000004818        0x6 contiki-z1.a(watchdog.o)
                0x0000000000004818                __isr_26
                0x0000000000004818                watchdog_interrupt
 .text.watchdog_start
                0x000000000000481e       0x14 contiki-z1.a(watchdog.o)
                0x000000000000481e                watchdog_start
 .text.watchdog_periodic
                0x0000000000004832       0x12 contiki-z1.a(watchdog.o)
                0x0000000000004832                watchdog_periodic
 .text.watchdog_stop
                0x0000000000004844       0x16 contiki-z1.a(watchdog.o)
                0x0000000000004844                watchdog_stop
 .text.watchdog_init
                0x000000000000485a       0x14 contiki-z1.a(watchdog.o)
                0x000000000000485a                watchdog_init
 .text.wait_ready
                0x000000000000486e       0x4e contiki-z1.a(xmem.o)
 .text.xmem_init
                0x00000000000048bc       0x1e contiki-z1.a(xmem.o)
                0x00000000000048bc                xmem_init
 .text.xmem_pread
                0x00000000000048da       0xd0 contiki-z1.a(xmem.o)
                0x00000000000048da                xmem_pread
 .text.spi_init
                0x00000000000049aa       0x38 contiki-z1.a(spi.o)
                0x00000000000049aa                spi_init
 .text.get_object
                0x00000000000049e2        0x4 contiki-z1.a(cc2420.o)
 .text.set_object
                0x00000000000049e6        0x4 contiki-z1.a(cc2420.o)
 .text.strobe   0x00000000000049ea       0x20 contiki-z1.a(cc2420.o)
 .text.getreg   0x0000000000004a0a       0x50 contiki-z1.a(cc2420.o)
 .text.setreg   0x0000000000004a5a       0x52 contiki-z1.a(cc2420.o)
 .text.write_ram
                0x0000000000004aac       0x7e contiki-z1.a(cc2420.o)
 .text.write_fifo_buf
                0x0000000000004b2a       0x40 contiki-z1.a(cc2420.o)
 .text.get_status
                0x0000000000004b6a       0x24 contiki-z1.a(cc2420.o)
 .text.set_txpower
                0x0000000000004b8e       0x26 contiki-z1.a(cc2420.o)
 .text.cc2420_receiving_packet
                0x0000000000004bb4        0xe contiki-z1.a(cc2420.o)
 .text.pending_packet
                0x0000000000004bc2        0xe contiki-z1.a(cc2420.o)
 .text.on       0x0000000000004bd0       0x26 contiki-z1.a(cc2420.o)
 .text.wait_for_transmission
                0x0000000000004bf6       0x22 contiki-z1.a(cc2420.o)
 .text.wait_for_status
                0x0000000000004c18       0x26 contiki-z1.a(cc2420.o)
 .text.getrxdata
                0x0000000000004c3e       0x54 contiki-z1.a(cc2420.o)
 .text.flushrx  0x0000000000004c92       0x1a contiki-z1.a(cc2420.o)
 .text.off      0x0000000000004cac       0x5e contiki-z1.a(cc2420.o)
 .text.RELEASE_LOCK
                0x0000000000004d0a       0x28 contiki-z1.a(cc2420.o)
 .text.set_key  0x0000000000004d32       0x18 contiki-z1.a(cc2420.o)
 .text.set_frame_filtering
                0x0000000000004d4a       0x30 contiki-z1.a(cc2420.o)
 .text.set_auto_ack
                0x0000000000004d7a       0x30 contiki-z1.a(cc2420.o)
 .text.set_poll_mode
                0x0000000000004daa       0x36 contiki-z1.a(cc2420.o)
 .text.cc2420_prepare
                0x0000000000004de0       0x38 contiki-z1.a(cc2420.o)
 .text.cc2420_on
                0x0000000000004e18       0x22 contiki-z1.a(cc2420.o)
                0x0000000000004e18                cc2420_on
 .text.cc2420_off
                0x0000000000004e3a       0x30 contiki-z1.a(cc2420.o)
                0x0000000000004e3a                cc2420_off
 .text.cc2420_cca
                0x0000000000004e6a       0x5a contiki-z1.a(cc2420.o)
 .text.cc2420_read
                0x0000000000004ec4       0xbc contiki-z1.a(cc2420.o)
 .text.process_thread_cc2420_process
                0x0000000000004f80       0x58 contiki-z1.a(cc2420.o)
 .text.encrypt  0x0000000000004fd8       0x8c contiki-z1.a(cc2420.o)
 .text.cc2420_set_channel
                0x0000000000005064       0x3a contiki-z1.a(cc2420.o)
                0x0000000000005064                cc2420_set_channel
 .text.cc2420_set_pan_addr
                0x000000000000509e       0x4c contiki-z1.a(cc2420.o)
                0x000000000000509e                cc2420_set_pan_addr
 .text.cc2420_interrupt
                0x00000000000050ea       0x18 contiki-z1.a(cc2420.o)
                0x00000000000050ea                cc2420_interrupt
 .text.cc2420_set_txpower
                0x0000000000005102        0xe contiki-z1.a(cc2420.o)
                0x0000000000005102                cc2420_set_txpower
 .text.cc2420_get_txpower
                0x0000000000005110       0x1e contiki-z1.a(cc2420.o)
                0x0000000000005110                cc2420_get_txpower
 .text.cc2420_transmit
                0x000000000000512e      0x10c contiki-z1.a(cc2420.o)
 .text.cc2420_send
                0x000000000000523a       0x12 contiki-z1.a(cc2420.o)
 .text.cc2420_rssi
                0x000000000000524c       0x48 contiki-z1.a(cc2420.o)
                0x000000000000524c                cc2420_rssi
 .text.get_value
                0x0000000000005294      0x102 contiki-z1.a(cc2420.o)
 .text.cc2420_set_cca_threshold
                0x0000000000005396       0x16 contiki-z1.a(cc2420.o)
                0x0000000000005396                cc2420_set_cca_threshold
 .text.set_value
                0x00000000000053ac       0xb4 contiki-z1.a(cc2420.o)
 .text.cc2420_init
                0x0000000000005460       0xf0 contiki-z1.a(cc2420.o)
                0x0000000000005460                cc2420_init
 .text.cc2420_arch_init
                0x0000000000005550       0x1a contiki-z1.a(cc2420-arch.o)
                0x0000000000005550                cc2420_arch_init
 .text.node_id_restore
                0x000000000000556a       0x4c contiki-z1.a(node-id.o)
                0x000000000000556a                node_id_restore
 .text.process_thread_sensors_process
                0x00000000000055b6       0xbe contiki-z1.a(sensors.o)
 .text.sensors_changed
                0x0000000000005674       0x2a contiki-z1.a(sensors.o)
                0x0000000000005674                sensors_changed
 .text.uart0_active
                0x000000000000569e        0xe contiki-z1.a(uart0.o)
                0x000000000000569e                uart0_active
 .text.uart0_writeb
                0x00000000000056ac       0x18 contiki-z1.a(uart0.o)
                0x00000000000056ac                uart0_writeb
 .text.uart0_init
                0x00000000000056c4       0x54 contiki-z1.a(uart0.o)
                0x00000000000056c4                uart0_init
 .text.uart0_rx_interrupt
                0x0000000000005718       0x66 contiki-z1.a(uart0.o)
                0x0000000000005718                __isr_23
                0x0000000000005718                uart0_rx_interrupt
 .text.putchar  0x000000000000577e       0x10 contiki-z1.a(uart0-putchar.o)
                0x000000000000577e                putchar
 .text.status   0x000000000000578e       0x12 contiki-z1.a(adxl345.o)
 .text.accm_write_reg
                0x00000000000057a0       0x2e contiki-z1.a(adxl345.o)
 .text.accm_write_stream
                0x00000000000057ce       0x2a contiki-z1.a(adxl345.o)
 .text.accm_read_reg
                0x00000000000057f8       0x54 contiki-z1.a(adxl345.o)
 .text.process_thread_accmeter_process
                0x000000000000584c       0x56 contiki-z1.a(adxl345.o)
 .text.accm_read_axis
                0x00000000000058a2       0x66 contiki-z1.a(adxl345.o)
                0x00000000000058a2                accm_read_axis
 .text.value    0x0000000000005908       0x20 contiki-z1.a(adxl345.o)
 .text.accm_init
                0x0000000000005928       0x76 contiki-z1.a(adxl345.o)
                0x0000000000005928                accm_init
 .text.accm_stop
                0x000000000000599e       0x32 contiki-z1.a(adxl345.o)
                0x000000000000599e                accm_stop
 .text.configure
                0x00000000000059d0       0x26 contiki-z1.a(adxl345.o)
 .text.port1_isr
                0x00000000000059f6       0xc4 contiki-z1.a(adxl345.o)
                0x00000000000059f6                port1_isr
                0x00000000000059f6                __isr_18
 .text.status   0x0000000000005aba       0x12 contiki-z1.a(tmp102.o)
 .text.tmp102_init
                0x0000000000005acc       0x24 contiki-z1.a(tmp102.o)
                0x0000000000005acc                tmp102_init
 .text.tmp102_stop
                0x0000000000005af0        0xc contiki-z1.a(tmp102.o)
                0x0000000000005af0                tmp102_stop
 .text.configure
                0x0000000000005afc       0x26 contiki-z1.a(tmp102.o)
 .text.tmp102_read_reg
                0x0000000000005b22       0x60 contiki-z1.a(tmp102.o)
                0x0000000000005b22                tmp102_read_reg
 .text.tmp102_read_temp_x100
                0x0000000000005b82       0x56 contiki-z1.a(tmp102.o)
                0x0000000000005b82                tmp102_read_temp_x100
 .text.value    0x0000000000005bd8        0x6 contiki-z1.a(tmp102.o)
 .text.timera1  0x0000000000005bde      0x10a contiki-z1.a(clock.o)
                0x0000000000005bde                __isr_24
                0x0000000000005bde                timera1
 .text.clock_time
                0x0000000000005ce8       0x1a contiki-z1.a(clock.o)
                0x0000000000005ce8                clock_time
 .text.clock_init
                0x0000000000005d02       0x28 contiki-z1.a(clock.o)
                0x0000000000005d02                clock_init
 .text.clock_delay
                0x0000000000005d2a        0xc contiki-z1.a(clock.o)
                0x0000000000005d2a                clock_delay
 .text.clock_wait
                0x0000000000005d36       0x28 contiki-z1.a(clock.o)
                0x0000000000005d36                clock_wait
 .text.clock_seconds
                0x0000000000005d5e       0x1a contiki-z1.a(clock.o)
                0x0000000000005d5e                clock_seconds
 .text.leds_arch_init
                0x0000000000005d78        0xe contiki-z1.a(leds-arch.o)
                0x0000000000005d78                leds_arch_init
 .text.leds_arch_set
                0x0000000000005d86       0x3a contiki-z1.a(leds-arch.o)
                0x0000000000005d86                leds_arch_set
 .text.rtimer_arch_init
                0x0000000000005dc0        0xe contiki-z1.a(rtimer-arch.o)
                0x0000000000005dc0                rtimer_arch_init
 .text.rtimer_arch_now
                0x0000000000005dce        0xe contiki-z1.a(rtimer-arch.o)
                0x0000000000005dce                rtimer_arch_now
 .text.timera0  0x0000000000005ddc       0x5c contiki-z1.a(rtimer-arch.o)
                0x0000000000005ddc                __isr_25
                0x0000000000005ddc                timera0
 .text.rtimer_arch_schedule
                0x0000000000005e38        0x6 contiki-z1.a(rtimer-arch.o)
                0x0000000000005e38                rtimer_arch_schedule
 .text.autostart_start
                0x0000000000005e3e       0x16 contiki-z1.a(autostart.o)
                0x0000000000005e3e                autostart_start
 .text.energest_init
                0x0000000000005e54       0x28 contiki-z1.a(energest.o)
                0x0000000000005e54                energest_init
 .text.energest_type_time
                0x0000000000005e7c       0x3c contiki-z1.a(energest.o)
                0x0000000000005e7c                energest_type_time
 .text.energest_type_set
                0x0000000000005eb8        0xc contiki-z1.a(energest.o)
                0x0000000000005eb8                energest_type_set
 .text.energest_flush
                0x0000000000005ec4       0x38 contiki-z1.a(energest.o)
                0x0000000000005ec4                energest_flush
 .text.update_time
                0x0000000000005efc       0x70 contiki-z1.a(etimer.o)
 .text.etimer_request_poll
                0x0000000000005f6c        0xa contiki-z1.a(etimer.o)
                0x0000000000005f6c                etimer_request_poll
 .text.process_thread_etimer_process
                0x0000000000005f76       0xc0 contiki-z1.a(etimer.o)
 .text.add_timer
                0x0000000000006036       0x40 contiki-z1.a(etimer.o)
 .text.etimer_set
                0x0000000000006076       0x12 contiki-z1.a(etimer.o)
                0x0000000000006076                etimer_set
 .text.etimer_reset
                0x0000000000006088       0x12 contiki-z1.a(etimer.o)
                0x0000000000006088                etimer_reset
 .text.etimer_restart
                0x000000000000609a       0x12 contiki-z1.a(etimer.o)
                0x000000000000609a                etimer_restart
 .text.etimer_expired
                0x00000000000060ac        0xe contiki-z1.a(etimer.o)
                0x00000000000060ac                etimer_expired
 .text.etimer_expiration_time
                0x00000000000060ba       0x14 contiki-z1.a(etimer.o)
                0x00000000000060ba                etimer_expiration_time
 .text.etimer_pending
                0x00000000000060ce        0xc contiki-z1.a(etimer.o)
                0x00000000000060ce                etimer_pending
 .text.etimer_next_expiration_time
                0x00000000000060da       0x16 contiki-z1.a(etimer.o)
                0x00000000000060da                etimer_next_expiration_time
 .text.etimer_stop
                0x00000000000060f0       0x3c contiki-z1.a(etimer.o)
                0x00000000000060f0                etimer_stop
 .text.process_thread_ctimer_process
                0x000000000000612c       0x9c contiki-z1.a(ctimer.o)
 .text.ctimer_init
                0x00000000000061c8       0x18 contiki-z1.a(ctimer.o)
                0x00000000000061c8                ctimer_init
 .text.ctimer_set_with_process
                0x00000000000061e0       0x4e contiki-z1.a(ctimer.o)
                0x00000000000061e0                ctimer_set_with_process
 .text.ctimer_set
                0x000000000000622e       0x10 contiki-z1.a(ctimer.o)
                0x000000000000622e                ctimer_set
 .text.ctimer_reset
                0x000000000000623e       0x2c contiki-z1.a(ctimer.o)
                0x000000000000623e                ctimer_reset
 .text.ctimer_restart
                0x000000000000626a       0x2c contiki-z1.a(ctimer.o)
                0x000000000000626a                ctimer_restart
 .text.ctimer_stop
                0x0000000000006296       0x28 contiki-z1.a(ctimer.o)
                0x0000000000006296                ctimer_stop
 .text.call_process
                0x00000000000062be       0x46 contiki-z1.a(process.o)
 .text.exit_process
                0x0000000000006304       0x8a contiki-z1.a(process.o)
 .text.do_poll  0x000000000000638e       0x30 contiki-z1.a(process.o)
 .text.process_alloc_event
                0x00000000000063be        0xe contiki-z1.a(process.o)
                0x00000000000063be                process_alloc_event
 .text.process_init
                0x00000000000063cc       0x1c contiki-z1.a(process.o)
                0x00000000000063cc                process_init
 .text.process_run
                0x00000000000063e8       0x8c contiki-z1.a(process.o)
                0x00000000000063e8                process_run
 .text.process_nevents
                0x0000000000006474        0xe contiki-z1.a(process.o)
                0x0000000000006474                process_nevents
 .text.process_post
                0x0000000000006482       0x4a contiki-z1.a(process.o)
                0x0000000000006482                process_post
 .text.process_post_synch
                0x00000000000064cc       0x12 contiki-z1.a(process.o)
                0x00000000000064cc                process_post_synch
 .text.process_start
                0x00000000000064de       0x32 contiki-z1.a(process.o)
                0x00000000000064de                process_start
 .text.process_poll
                0x0000000000006510       0x18 contiki-z1.a(process.o)
                0x0000000000006510                process_poll
 .text.rtimer_init
                0x0000000000006528        0x6 contiki-z1.a(rtimer.o)
                0x0000000000006528                rtimer_init
 .text.rtimer_run_next
                0x000000000000652e       0x26 contiki-z1.a(rtimer.o)
                0x000000000000652e                rtimer_run_next
 .text.timer_set
                0x0000000000006554       0x1c contiki-z1.a(timer.o)
                0x0000000000006554                timer_set
 .text.timer_reset
                0x0000000000006570        0xe contiki-z1.a(timer.o)
                0x0000000000006570                timer_reset
 .text.timer_restart
                0x000000000000657e       0x14 contiki-z1.a(timer.o)
                0x000000000000657e                timer_restart
 .text.timer_expired
                0x0000000000006592       0x2a contiki-z1.a(timer.o)
                0x0000000000006592                timer_expired
 .text.list_init
                0x00000000000065bc        0x6 contiki-z1.a(list.o)
                0x00000000000065bc                list_init
 .text.list_head
                0x00000000000065c2        0x4 contiki-z1.a(list.o)
                0x00000000000065c2                list_head
 .text.list_tail
                0x00000000000065c6       0x12 contiki-z1.a(list.o)
                0x00000000000065c6                list_tail
 .text.list_remove
                0x00000000000065d8       0x34 contiki-z1.a(list.o)
                0x00000000000065d8                list_remove
 .text.list_push
                0x000000000000660c       0x16 contiki-z1.a(list.o)
                0x000000000000660c                list_push
 .text.list_add
                0x0000000000006622       0x26 contiki-z1.a(list.o)
                0x0000000000006622                list_add
 .text.list_length
                0x0000000000006648       0x10 contiki-z1.a(list.o)
                0x0000000000006648                list_length
 .text.list_item_next
                0x0000000000006658        0xc contiki-z1.a(list.o)
                0x0000000000006658                list_item_next
 .text.random_init
                0x0000000000006664        0x6 contiki-z1.a(random.o)
                0x0000000000006664                random_init
 .text.random_rand
                0x000000000000666a        0x6 contiki-z1.a(random.o)
                0x000000000000666a                random_rand
 .text.uip_ds6_list_loop
                0x0000000000006670       0x66 contiki-z1.a(uip-ds6.o)
                0x0000000000006670                uip_ds6_list_loop
 .text.uip_ds6_prefix_add
                0x00000000000066d6       0x70 contiki-z1.a(uip-ds6.o)
                0x00000000000066d6                uip_ds6_prefix_add
 .text.uip_ds6_is_addr_onlink
                0x0000000000006746       0x42 contiki-z1.a(uip-ds6.o)
                0x0000000000006746                uip_ds6_is_addr_onlink
 .text.uip_ds6_addr_lookup
                0x0000000000006788       0x2a contiki-z1.a(uip-ds6.o)
                0x0000000000006788                uip_ds6_addr_lookup
 .text.uip_ds6_get_link_local
                0x00000000000067b2       0x3e contiki-z1.a(uip-ds6.o)
                0x00000000000067b2                uip_ds6_get_link_local
 .text.uip_ds6_maddr_add
                0x00000000000067f0       0x48 contiki-z1.a(uip-ds6.o)
                0x00000000000067f0                uip_ds6_maddr_add
 .text.uip_ds6_addr_add
                0x0000000000006838       0xb4 contiki-z1.a(uip-ds6.o)
                0x0000000000006838                uip_ds6_addr_add
 .text.uip_ds6_maddr_lookup
                0x00000000000068ec       0x2a contiki-z1.a(uip-ds6.o)
                0x00000000000068ec                uip_ds6_maddr_lookup
 .text.uip_ds6_addr_rm
                0x0000000000006916       0x54 contiki-z1.a(uip-ds6.o)
                0x0000000000006916                uip_ds6_addr_rm
 .text.uip_ds6_periodic
                0x000000000000696a       0x46 contiki-z1.a(uip-ds6.o)
                0x000000000000696a                uip_ds6_periodic
 .text.uip_ds6_set_addr_iid
                0x00000000000069b0       0x14 contiki-z1.a(uip-ds6.o)
                0x00000000000069b0                uip_ds6_set_addr_iid
 .text.get_match_length
                0x00000000000069c4       0x3a contiki-z1.a(uip-ds6.o)
                0x00000000000069c4                get_match_length
 .text.uip_ds6_select_src
                0x00000000000069fe       0x9a contiki-z1.a(uip-ds6.o)
                0x00000000000069fe                uip_ds6_select_src
 .text.uip_ds6_compute_reachable_time
                0x0000000000006a98       0x36 contiki-z1.a(uip-ds6.o)
                0x0000000000006a98                uip_ds6_compute_reachable_time
 .text.uip_ds6_init
                0x0000000000006ace      0x138 contiki-z1.a(uip-ds6.o)
                0x0000000000006ace                uip_ds6_init
 .text.call_route_callback
                0x0000000000006c06       0x40 contiki-z1.a(uip-ds6-route.o)
 .text.uip_ds6_route_init
                0x0000000000006c46       0x36 contiki-z1.a(uip-ds6-route.o)
                0x0000000000006c46                uip_ds6_route_init
 .text.uip_ds6_route_nexthop
                0x0000000000006c7c       0x1a contiki-z1.a(uip-ds6-route.o)
                0x0000000000006c7c                uip_ds6_route_nexthop
 .text.uip_ds6_route_head
                0x0000000000006c96        0xa contiki-z1.a(uip-ds6-route.o)
                0x0000000000006c96                uip_ds6_route_head
 .text.uip_ds6_route_next
                0x0000000000006ca0        0xe contiki-z1.a(uip-ds6-route.o)
                0x0000000000006ca0                uip_ds6_route_next
 .text.uip_ds6_route_is_nexthop
                0x0000000000006cae       0x1e contiki-z1.a(uip-ds6-route.o)
                0x0000000000006cae                uip_ds6_route_is_nexthop
 .text.uip_ds6_route_lookup
                0x0000000000006ccc       0x6e contiki-z1.a(uip-ds6-route.o)
                0x0000000000006ccc                uip_ds6_route_lookup
 .text.uip_ds6_route_rm
                0x0000000000006d3a       0xa0 contiki-z1.a(uip-ds6-route.o)
                0x0000000000006d3a                uip_ds6_route_rm
 .text.rm_routelist
                0x0000000000006dda       0x34 contiki-z1.a(uip-ds6-route.o)
 .text.rm_routelist_callback
                0x0000000000006e0e        0x6 contiki-z1.a(uip-ds6-route.o)
 .text.uip_ds6_route_add
                0x0000000000006e14       0xfc contiki-z1.a(uip-ds6-route.o)
                0x0000000000006e14                uip_ds6_route_add
 .text.uip_ds6_defrt_rm
                0x0000000000006f10       0x44 contiki-z1.a(uip-ds6-route.o)
                0x0000000000006f10                uip_ds6_defrt_rm
 .text.uip_ds6_defrt_lookup
                0x0000000000006f54       0x32 contiki-z1.a(uip-ds6-route.o)
                0x0000000000006f54                uip_ds6_defrt_lookup
 .text.uip_ds6_defrt_add
                0x0000000000006f86       0x68 contiki-z1.a(uip-ds6-route.o)
                0x0000000000006f86                uip_ds6_defrt_add
 .text.uip_ds6_defrt_choose
                0x0000000000006fee       0x36 contiki-z1.a(uip-ds6-route.o)
                0x0000000000006fee                uip_ds6_defrt_choose
 .text.uip_ds6_defrt_periodic
                0x0000000000007024       0x38 contiki-z1.a(uip-ds6-route.o)
                0x0000000000007024                uip_ds6_defrt_periodic
 .text.chksum   0x000000000000705c       0x32 contiki-z1.a(uip6.o)
 .text.upper_layer_chksum
                0x000000000000708e       0x56 contiki-z1.a(uip6.o)
 .text.ext_hdr_options_process
                0x00000000000070e4       0xcc contiki-z1.a(uip6.o)
 .text.uip_icmp6chksum
                0x00000000000071b0        0xa contiki-z1.a(uip6.o)
                0x00000000000071b0                uip_icmp6chksum
 .text.uip_udpchksum
                0x00000000000071ba        0xa contiki-z1.a(uip6.o)
                0x00000000000071ba                uip_udpchksum
 .text.uip_init
                0x00000000000071c4       0x26 contiki-z1.a(uip6.o)
                0x00000000000071c4                uip_init
 .text.remove_ext_hdr
                0x00000000000071ea       0x52 contiki-z1.a(uip6.o)
                0x00000000000071ea                remove_ext_hdr
 .text.uip_udp_new
                0x000000000000723c       0xa0 contiki-z1.a(uip6.o)
                0x000000000000723c                uip_udp_new
 .text.uip_process
                0x00000000000072dc      0x498 contiki-z1.a(uip6.o)
                0x00000000000072dc                uip_process
 .text.uip_htons
                0x0000000000007774        0xc contiki-z1.a(uip6.o)
                0x0000000000007774                uip_htons
 .text.uip_htonl
                0x0000000000007780       0x2a contiki-z1.a(uip6.o)
                0x0000000000007780                uip_htonl
 .text.uip_ds6_nbr_rm
                0x00000000000077aa       0x1e contiki-z1.a(uip-ds6-nbr.o)
                0x00000000000077aa                uip_ds6_nbr_rm
 .text.uip_ds6_neighbors_init
                0x00000000000077c8       0x12 contiki-z1.a(uip-ds6-nbr.o)
                0x00000000000077c8                uip_ds6_neighbors_init
 .text.uip_ds6_nbr_add
                0x00000000000077da       0x36 contiki-z1.a(uip-ds6-nbr.o)
                0x00000000000077da                uip_ds6_nbr_add
 .text.uip_ds6_nbr_get_ll
                0x0000000000007810        0xc contiki-z1.a(uip-ds6-nbr.o)
                0x0000000000007810                uip_ds6_nbr_get_ll
 .text.uip_ds6_nbr_lookup
                0x000000000000781c       0x3e contiki-z1.a(uip-ds6-nbr.o)
                0x000000000000781c                uip_ds6_nbr_lookup
 .text.uip_ds6_nbr_ll_lookup
                0x000000000000785a        0xc contiki-z1.a(uip-ds6-nbr.o)
                0x000000000000785a                uip_ds6_nbr_ll_lookup
 .text.uip_ds6_nbr_ipaddr_from_lladdr
                0x0000000000007866        0x6 contiki-z1.a(uip-ds6-nbr.o)
                0x0000000000007866                uip_ds6_nbr_ipaddr_from_lladdr
 .text.uip_ds6_nbr_lladdr_from_ipaddr
                0x000000000000786c       0x12 contiki-z1.a(uip-ds6-nbr.o)
                0x000000000000786c                uip_ds6_nbr_lladdr_from_ipaddr
 .text.uip_ds6_link_neighbor_callback
                0x000000000000787e       0x32 contiki-z1.a(uip-ds6-nbr.o)
                0x000000000000787e                uip_ds6_link_neighbor_callback
 .text.ns_input
                0x00000000000078b0      0x262 contiki-z1.a(uip-nd6.o)
 .text.uip_nd6_init
                0x0000000000007b12        0xa contiki-z1.a(uip-nd6.o)
                0x0000000000007b12                uip_nd6_init
 .text.clear_fragments
                0x0000000000007b1c       0x3a contiki-z1.a(sicslowpan.o)
 .text.set_packet_attrs
                0x0000000000007b56       0x44 contiki-z1.a(sicslowpan.o)
 .text.addr_context_lookup_by_number
                0x0000000000007b9a       0x34 contiki-z1.a(sicslowpan.o)
 .text.compress_addr_64
                0x0000000000007bce       0xaa contiki-z1.a(sicslowpan.o)
 .text.store_fragment
                0x0000000000007c78       0x6e contiki-z1.a(sicslowpan.o)
 .text.add_fragment
                0x0000000000007ce6      0x162 contiki-z1.a(sicslowpan.o)
 .text.uncompress_addr
                0x0000000000007e48       0x96 contiki-z1.a(sicslowpan.o)
 .text.input    0x0000000000007ede      0x61a contiki-z1.a(sicslowpan.o)
 .text.sicslowpan_init
                0x00000000000084f8       0x24 contiki-z1.a(sicslowpan.o)
                0x00000000000084f8                sicslowpan_init
 .text.addr_context_lookup_by_prefix
                0x000000000000851c       0x4a contiki-z1.a(sicslowpan.o)
 .text.send_packet
                0x0000000000008566       0x1a contiki-z1.a(sicslowpan.o)
 .text.output   0x0000000000008580      0x68e contiki-z1.a(sicslowpan.o)
 .text.packet_sent
                0x0000000000008c0e       0x22 contiki-z1.a(sicslowpan.o)
 .text.uip_debug_ipaddr_print
                0x0000000000008c30       0xba contiki-z1.a(uip-debug.o)
                0x0000000000008c30                uip_debug_ipaddr_print
 .text.tcpip_output
                0x0000000000008cea       0x10 contiki-z1.a(tcpip.o)
                0x0000000000008cea                tcpip_output
 .text.tcpip_set_outputfunc
                0x0000000000008cfa        0x6 contiki-z1.a(tcpip.o)
                0x0000000000008cfa                tcpip_set_outputfunc
 .text.udp_new  0x0000000000008d00       0x1a contiki-z1.a(tcpip.o)
                0x0000000000008d00                udp_new
 .text.tcpip_input
                0x0000000000008d1a       0x16 contiki-z1.a(tcpip.o)
                0x0000000000008d1a                tcpip_input
 .text.tcpip_ipv6_output
                0x0000000000008d30       0xc0 contiki-z1.a(tcpip.o)
                0x0000000000008d30                tcpip_ipv6_output
 .text.process_thread_tcpip_process
                0x0000000000008df0       0xcc contiki-z1.a(tcpip.o)
 .text.tcpip_uipcall
                0x0000000000008ebc       0x2a contiki-z1.a(tcpip.o)
                0x0000000000008ebc                tcpip_uipcall
 .text.process_thread_simple_udp_process
                0x0000000000008ee6       0x9c contiki-z1.a(simple-udp.o)
 .text.simple_udp_send
                0x0000000000008f82       0x2a contiki-z1.a(simple-udp.o)
                0x0000000000008f82                simple_udp_send
 .text.simple_udp_register
                0x0000000000008fac       0x8a contiki-z1.a(simple-udp.o)
                0x0000000000008fac                simple_udp_register
 .text.lollipop_greater_than
                0x0000000000009036       0x44 contiki-z1.a(rpl-dag.o)
 .text.acceptable_rank
                0x000000000000907a       0x44 contiki-z1.a(rpl-dag.o)
 .text.find_parent_any_dag_any_instance
                0x00000000000090be       0x14 contiki-z1.a(rpl-dag.o)
 .text.rpl_set_preferred_parent
                0x00000000000090d2       0x2c contiki-z1.a(rpl-dag.o)
 .text.set_ip_from_prefix
                0x00000000000090fe       0x30 contiki-z1.a(rpl-dag.o)
 .text.check_prefix
                0x000000000000912e       0x70 contiki-z1.a(rpl-dag.o)
 .text.rpl_dag_init
                0x000000000000919e        0xe contiki-z1.a(rpl-dag.o)
                0x000000000000919e                rpl_dag_init
 .text.rpl_get_parent
                0x00000000000091ac        0xc contiki-z1.a(rpl-dag.o)
                0x00000000000091ac                rpl_get_parent
 .text.rpl_rank_via_parent
                0x00000000000091b8       0x2e contiki-z1.a(rpl-dag.o)
                0x00000000000091b8                rpl_rank_via_parent
 .text.rpl_get_parent_lladdr
                0x00000000000091e6        0xc contiki-z1.a(rpl-dag.o)
                0x00000000000091e6                rpl_get_parent_lladdr
 .text.rpl_get_parent_ipaddr
                0x00000000000091f2        0xa contiki-z1.a(rpl-dag.o)
                0x00000000000091f2                rpl_get_parent_ipaddr
 .text.rpl_get_parent_link_stats
                0x00000000000091fc        0xa contiki-z1.a(rpl-dag.o)
                0x00000000000091fc                rpl_get_parent_link_stats
 .text.rpl_parent_is_fresh
                0x0000000000009206        0xa contiki-z1.a(rpl-dag.o)
                0x0000000000009206                rpl_parent_is_fresh
 .text.best_parent
                0x0000000000009210       0x70 contiki-z1.a(rpl-dag.o)
 .text.rpl_parent_is_reachable
                0x0000000000009280       0x46 contiki-z1.a(rpl-dag.o)
                0x0000000000009280                rpl_parent_is_reachable
 .text.rpl_set_prefix
                0x00000000000092c6       0x74 contiki-z1.a(rpl-dag.o)
                0x00000000000092c6                rpl_set_prefix
 .text.rpl_set_default_route
                0x000000000000933a       0x3a contiki-z1.a(rpl-dag.o)
                0x000000000000933a                rpl_set_default_route
 .text.rpl_alloc_instance
                0x0000000000009374       0x34 contiki-z1.a(rpl-dag.o)
                0x0000000000009374                rpl_alloc_instance
 .text.rpl_add_parent
                0x00000000000093a8       0x3a contiki-z1.a(rpl-dag.o)
                0x00000000000093a8                rpl_add_parent
 .text.rpl_find_parent
                0x00000000000093e2       0x18 contiki-z1.a(rpl-dag.o)
                0x00000000000093e2                rpl_find_parent
 .text.rpl_find_parent_any_dag
                0x00000000000093fa       0x20 contiki-z1.a(rpl-dag.o)
                0x00000000000093fa                rpl_find_parent_any_dag
 .text.rpl_select_parent
                0x000000000000941a       0x62 contiki-z1.a(rpl-dag.o)
                0x000000000000941a                rpl_select_parent
 .text.rpl_select_dag
                0x000000000000947c      0x16e contiki-z1.a(rpl-dag.o)
                0x000000000000947c                rpl_select_dag
 .text.rpl_nullify_parent
                0x00000000000095ea       0x5c contiki-z1.a(rpl-dag.o)
                0x00000000000095ea                rpl_nullify_parent
 .text.rpl_remove_parent
                0x0000000000009646       0x16 contiki-z1.a(rpl-dag.o)
                0x0000000000009646                rpl_remove_parent
 .text.nbr_callback
                0x000000000000965c        0x6 contiki-z1.a(rpl-dag.o)
 .text.remove_parents.constprop.3
                0x0000000000009662       0x2c contiki-z1.a(rpl-dag.o)
 .text.rpl_free_dag
                0x000000000000968e       0x44 contiki-z1.a(rpl-dag.o)
                0x000000000000968e                rpl_free_dag
 .text.rpl_move_parent
                0x00000000000096d2       0x60 contiki-z1.a(rpl-dag.o)
                0x00000000000096d2                rpl_move_parent
 .text.rpl_get_dag
                0x0000000000009732       0x5c contiki-z1.a(rpl-dag.o)
                0x0000000000009732                rpl_get_dag
 .text.rpl_get_any_dag
                0x000000000000978e       0x18 contiki-z1.a(rpl-dag.o)
                0x000000000000978e                rpl_get_any_dag
 .text.rpl_get_instance
                0x00000000000097a6       0x1a contiki-z1.a(rpl-dag.o)
                0x00000000000097a6                rpl_get_instance
 .text.rpl_alloc_dag
                0x00000000000097c0       0x5c contiki-z1.a(rpl-dag.o)
                0x00000000000097c0                rpl_alloc_dag
 .text.rpl_repair_root
                0x000000000000981c       0x50 contiki-z1.a(rpl-dag.o)
                0x000000000000981c                rpl_repair_root
 .text.rpl_find_of
                0x000000000000986c       0x10 contiki-z1.a(rpl-dag.o)
                0x000000000000986c                rpl_find_of
 .text.rpl_join_instance
                0x000000000000987c      0x144 contiki-z1.a(rpl-dag.o)
                0x000000000000987c                rpl_join_instance
 .text.rpl_local_repair
                0x00000000000099c0       0x7e contiki-z1.a(rpl-dag.o)
                0x00000000000099c0                rpl_local_repair
 .text.rpl_process_parent_event
                0x0000000000009a3e       0x82 contiki-z1.a(rpl-dag.o)
                0x0000000000009a3e                rpl_process_parent_event
 .text.rpl_recalculate_ranks
                0x0000000000009ac0       0x46 contiki-z1.a(rpl-dag.o)
                0x0000000000009ac0                rpl_recalculate_ranks
 .text.rpl_add_dag
                0x0000000000009b06      0x104 contiki-z1.a(rpl-dag.o)
                0x0000000000009b06                rpl_add_dag
 .text.rpl_process_dio
                0x0000000000009c0a      0x31a contiki-z1.a(rpl-dag.o)
                0x0000000000009c0a                rpl_process_dio
 .text.handle_unicast_dio_timer
                0x0000000000009f24       0x1c contiki-z1.a(rpl-timers.o)
 .text.new_dio_interval
                0x0000000000009f40       0x8a contiki-z1.a(rpl-timers.o)
 .text.handle_periodic_timer
                0x0000000000009fca       0x50 contiki-z1.a(rpl-timers.o)
 .text.set_dao_lifetime_timer.part.0
                0x000000000000a01a       0x5e contiki-z1.a(rpl-timers.o)
 .text.schedule_dao
                0x000000000000a078       0x80 contiki-z1.a(rpl-timers.o)
 .text.handle_dio_timer
                0x000000000000a0f8       0x88 contiki-z1.a(rpl-timers.o)
 .text.handle_dao_timer
                0x000000000000a180       0x72 contiki-z1.a(rpl-timers.o)
 .text.rpl_reset_periodic_timer
                0x000000000000a1f2       0x5c contiki-z1.a(rpl-timers.o)
                0x000000000000a1f2                rpl_reset_periodic_timer
 .text.rpl_reset_dio_timer
                0x000000000000a24e       0x18 contiki-z1.a(rpl-timers.o)
                0x000000000000a24e                rpl_reset_dio_timer
 .text.rpl_schedule_dao
                0x000000000000a266        0xc contiki-z1.a(rpl-timers.o)
                0x000000000000a266                rpl_schedule_dao
 .text.rpl_schedule_unicast_dio_immediately
                0x000000000000a272       0x16 contiki-z1.a(rpl-timers.o)
                0x000000000000a272                rpl_schedule_unicast_dio_immediately
 .text.get_probing_delay
                0x000000000000a288       0x40 contiki-z1.a(rpl-timers.o)
                0x000000000000a288                get_probing_delay
 .text.get_probing_target
                0x000000000000a2c8       0xe2 contiki-z1.a(rpl-timers.o)
                0x000000000000a2c8                get_probing_target
 .text.rpl_schedule_probing
                0x000000000000a3aa       0x26 contiki-z1.a(rpl-timers.o)
                0x000000000000a3aa                rpl_schedule_probing
 .text.handle_probing_timer
                0x000000000000a3d0       0x34 contiki-z1.a(rpl-timers.o)
 .text.update_hbh_header
                0x000000000000a404       0xcc contiki-z1.a(rpl-ext-header.)
 .text.insert_hbh_header
                0x000000000000a4d0       0x94 contiki-z1.a(rpl-ext-header.)
 .text.rpl_verify_hbh_header
                0x000000000000a564       0xf8 contiki-z1.a(rpl-ext-header.)
                0x000000000000a564                rpl_verify_hbh_header
 .text.rpl_remove_header
                0x000000000000a65c       0x76 contiki-z1.a(rpl-ext-header.)
                0x000000000000a65c                rpl_remove_header
 .text.rpl_update_header
                0x000000000000a6d2       0x64 contiki-z1.a(rpl-ext-header.)
                0x000000000000a6d2                rpl_update_header
 .text.rpl_get_mode
                0x000000000000a736        0x6 contiki-z1.a(rpl.o)
                0x000000000000a736                rpl_get_mode
 .text.rpl_purge_routes
                0x000000000000a73c       0x94 contiki-z1.a(rpl.o)
                0x000000000000a73c                rpl_purge_routes
 .text.rpl_remove_routes
                0x000000000000a7d0       0x22 contiki-z1.a(rpl.o)
                0x000000000000a7d0                rpl_remove_routes
 .text.rpl_remove_routes_by_nexthop
                0x000000000000a7f2       0x3e contiki-z1.a(rpl.o)
                0x000000000000a7f2                rpl_remove_routes_by_nexthop
 .text.rpl_add_route
                0x000000000000a830       0x4e contiki-z1.a(rpl.o)
                0x000000000000a830                rpl_add_route
 .text.rpl_link_neighbor_callback
                0x000000000000a87e       0x4c contiki-z1.a(rpl.o)
                0x000000000000a87e                rpl_link_neighbor_callback
 .text.rpl_ipv6_neighbor_callback
                0x000000000000a8ca       0x1e contiki-z1.a(rpl.o)
                0x000000000000a8ca                rpl_ipv6_neighbor_callback
 .text.rpl_purge_dags
                0x000000000000a8e8       0x5e contiki-z1.a(rpl.o)
                0x000000000000a8e8                rpl_purge_dags
 .text.rpl_init
                0x000000000000a946       0x44 contiki-z1.a(rpl.o)
                0x000000000000a946                rpl_init
 .text.reset    0x000000000000a98a        0x2 contiki-z1.a(rpl-mrhof.o)
 .text.update_metric_container
                0x000000000000a98c        0x6 contiki-z1.a(rpl-mrhof.o)
 .text.parent_link_metric
                0x000000000000a992       0x10 contiki-z1.a(rpl-mrhof.o)
 .text.parent_has_usable_link
                0x000000000000a9a2       0x14 contiki-z1.a(rpl-mrhof.o)
 .text.best_dag
                0x000000000000a9b6       0x34 contiki-z1.a(rpl-mrhof.o)
 .text.parent_path_cost
                0x000000000000a9ea       0x40 contiki-z1.a(rpl-mrhof.o)
 .text.parent_is_acceptable
                0x000000000000aa2a       0x26 contiki-z1.a(rpl-mrhof.o)
 .text.best_parent
                0x000000000000aa50       0x7c contiki-z1.a(rpl-mrhof.o)
 .text.rank_via_parent
                0x000000000000aacc       0x4e contiki-z1.a(rpl-mrhof.o)
 .text.queuebuf_init
                0x000000000000ab1a       0x12 contiki-z1.a(queuebuf.o)
                0x000000000000ab1a                queuebuf_init
 .text.queuebuf_numfree
                0x000000000000ab2c        0xa contiki-z1.a(queuebuf.o)
                0x000000000000ab2c                queuebuf_numfree
 .text.queuebuf_new_from_packetbuf
                0x000000000000ab36       0x4e contiki-z1.a(queuebuf.o)
                0x000000000000ab36                queuebuf_new_from_packetbuf
 .text.queuebuf_free
                0x000000000000ab84       0x2a contiki-z1.a(queuebuf.o)
                0x000000000000ab84                queuebuf_free
 .text.queuebuf_to_packetbuf
                0x000000000000abae       0x32 contiki-z1.a(queuebuf.o)
                0x000000000000abae                queuebuf_to_packetbuf
 .text.index_from_key
                0x000000000000abe0       0x44 contiki-z1.a(nbr-table.o)
 .text.item_from_key
                0x000000000000ac24       0x34 contiki-z1.a(nbr-table.o)
 .text.nbr_set_bit
                0x000000000000ac58       0x76 contiki-z1.a(nbr-table.o)
 .text.index_from_lladdr
                0x000000000000acce       0x3e contiki-z1.a(nbr-table.o)
 .text.nbr_get_bit.constprop.0
                0x000000000000ad0c       0x5a contiki-z1.a(nbr-table.o)
 .text.remove_key
                0x000000000000ad66       0x50 contiki-z1.a(nbr-table.o)
 .text.nbr_table_register
                0x000000000000adb6       0x26 contiki-z1.a(nbr-table.o)
                0x000000000000adb6                nbr_table_register
 .text.nbr_table_next
                0x000000000000addc       0x78 contiki-z1.a(nbr-table.o)
                0x000000000000addc                nbr_table_next
 .text.nbr_table_head
                0x000000000000ae54       0x32 contiki-z1.a(nbr-table.o)
                0x000000000000ae54                nbr_table_head
 .text.nbr_table_add_lladdr
                0x000000000000ae86      0x120 contiki-z1.a(nbr-table.o)
                0x000000000000ae86                nbr_table_add_lladdr
 .text.nbr_table_get_from_lladdr
                0x000000000000afa6       0x44 contiki-z1.a(nbr-table.o)
                0x000000000000afa6                nbr_table_get_from_lladdr
 .text.nbr_table_remove
                0x000000000000afea       0x2a contiki-z1.a(nbr-table.o)
                0x000000000000afea                nbr_table_remove
 .text.nbr_table_lock
                0x000000000000b014       0x10 contiki-z1.a(nbr-table.o)
                0x000000000000b014                nbr_table_lock
 .text.nbr_table_unlock
                0x000000000000b024       0x10 contiki-z1.a(nbr-table.o)
                0x000000000000b024                nbr_table_unlock
 .text.nbr_table_get_lladdr
                0x000000000000b034       0x54 contiki-z1.a(nbr-table.o)
                0x000000000000b034                nbr_table_get_lladdr
 .text.nbr_table_update_lladdr
                0x000000000000b088       0x54 contiki-z1.a(nbr-table.o)
                0x000000000000b088                nbr_table_update_lladdr
 .text.packetbuf_hdrreduce
                0x000000000000b0dc       0x1a contiki-z1.a(packetbuf.o)
                0x000000000000b0dc                packetbuf_hdrreduce
 .text.packetbuf_set_datalen
                0x000000000000b0f6        0x6 contiki-z1.a(packetbuf.o)
                0x000000000000b0f6                packetbuf_set_datalen
 .text.packetbuf_hdrptr
                0x000000000000b0fc        0x6 contiki-z1.a(packetbuf.o)
                0x000000000000b0fc                packetbuf_hdrptr
 .text.packetbuf_datalen
                0x000000000000b102        0x6 contiki-z1.a(packetbuf.o)
                0x000000000000b102                packetbuf_datalen
 .text.packetbuf_hdrlen
                0x000000000000b108        0xa contiki-z1.a(packetbuf.o)
                0x000000000000b108                packetbuf_hdrlen
 .text.packetbuf_dataptr
                0x000000000000b112        0xc contiki-z1.a(packetbuf.o)
                0x000000000000b112                packetbuf_dataptr
 .text.packetbuf_copyto
                0x000000000000b11e       0x3a contiki-z1.a(packetbuf.o)
                0x000000000000b11e                packetbuf_copyto
 .text.packetbuf_totlen
                0x000000000000b158        0xc contiki-z1.a(packetbuf.o)
                0x000000000000b158                packetbuf_totlen
 .text.packetbuf_hdralloc
                0x000000000000b164       0x3a contiki-z1.a(packetbuf.o)
                0x000000000000b164                packetbuf_hdralloc
 .text.packetbuf_attr_clear
                0x000000000000b19e       0x28 contiki-z1.a(packetbuf.o)
                0x000000000000b19e                packetbuf_attr_clear
 .text.packetbuf_clear
                0x000000000000b1c6       0x12 contiki-z1.a(packetbuf.o)
                0x000000000000b1c6                packetbuf_clear
 .text.packetbuf_copyfrom
                0x000000000000b1d8       0x2a contiki-z1.a(packetbuf.o)
                0x000000000000b1d8                packetbuf_copyfrom
 .text.packetbuf_attr_copyto
                0x000000000000b202       0x22 contiki-z1.a(packetbuf.o)
                0x000000000000b202                packetbuf_attr_copyto
 .text.packetbuf_attr_copyfrom
                0x000000000000b224       0x24 contiki-z1.a(packetbuf.o)
                0x000000000000b224                packetbuf_attr_copyfrom
 .text.packetbuf_holds_broadcast
                0x000000000000b248        0xe contiki-z1.a(packetbuf.o)
                0x000000000000b248                packetbuf_holds_broadcast
 .text.linkaddr_copy
                0x000000000000b256        0x8 contiki-z1.a(linkaddr.o)
                0x000000000000b256                linkaddr_copy
 .text.linkaddr_cmp
                0x000000000000b25e       0x12 contiki-z1.a(linkaddr.o)
                0x000000000000b25e                linkaddr_cmp
 .text.linkaddr_set_node_addr
                0x000000000000b270        0xc contiki-z1.a(linkaddr.o)
                0x000000000000b270                linkaddr_set_node_addr
 .text.periodic
                0x000000000000b27c       0x2c contiki-z1.a(link-stats.o)
 .text.link_stats_from_lladdr
                0x000000000000b2a8        0xc contiki-z1.a(link-stats.o)
                0x000000000000b2a8                link_stats_from_lladdr
 .text.link_stats_is_fresh
                0x000000000000b2b4       0x30 contiki-z1.a(link-stats.o)
                0x000000000000b2b4                link_stats_is_fresh
 .text.link_stats_packet_sent
                0x000000000000b2e4       0xc0 contiki-z1.a(link-stats.o)
                0x000000000000b2e4                link_stats_packet_sent
 .text.link_stats_input_callback
                0x000000000000b3a4       0xac contiki-z1.a(link-stats.o)
                0x000000000000b3a4                link_stats_input_callback
 .text.link_stats_init
                0x000000000000b450       0x22 contiki-z1.a(link-stats.o)
                0x000000000000b450                link_stats_init
 .text.send_packet
                0x000000000000b472        0x6 contiki-z1.a(nullmac.o)
 .text.packet_input
                0x000000000000b478        0x6 contiki-z1.a(nullmac.o)
 .text.on       0x000000000000b47e        0x6 contiki-z1.a(nullmac.o)
 .text.off      0x000000000000b484        0x6 contiki-z1.a(nullmac.o)
 .text.channel_check_interval
                0x000000000000b48a        0x4 contiki-z1.a(nullmac.o)
 .text.init     0x000000000000b48e        0x2 contiki-z1.a(nullmac.o)
 .text.parse    0x000000000000b490       0xa2 contiki-z1.a(framer-802154.o)
 .text.create_frame.isra.0
                0x000000000000b532      0x114 contiki-z1.a(framer-802154.o)
 .text.create   0x000000000000b646        0x8 contiki-z1.a(framer-802154.o)
 .text.hdr_length
                0x000000000000b64e        0x8 contiki-z1.a(framer-802154.o)
 .text.on       0x000000000000b656        0x6 contiki-z1.a(nullrdc.o)
 .text.channel_check_interval
                0x000000000000b65c        0x4 contiki-z1.a(nullrdc.o)
 .text.init     0x000000000000b660        0x6 contiki-z1.a(nullrdc.o)
 .text.send_one_packet
                0x000000000000b666       0x62 contiki-z1.a(nullrdc.o)
 .text.send_list
                0x000000000000b6c8       0x28 contiki-z1.a(nullrdc.o)
 .text.send_packet
                0x000000000000b6f0        0x6 contiki-z1.a(nullrdc.o)
 .text.off      0x000000000000b6f6       0x10 contiki-z1.a(nullrdc.o)
 .text.packet_input
                0x000000000000b706       0x26 contiki-z1.a(nullrdc.o)
 .text.init     0x000000000000b72c        0x2 contiki-z1.a(nullsec.o)
 .text.send     0x000000000000b72e        0xa contiki-z1.a(nullsec.o)
 .text.input    0x000000000000b738        0x6 contiki-z1.a(nullsec.o)
 .text.i2c_receiveinit
                0x000000000000b73e       0x38 contiki-z1.a(i2cmaster.o)
                0x000000000000b73e                i2c_receiveinit
 .text.i2c_transmitinit
                0x000000000000b776       0x32 contiki-z1.a(i2cmaster.o)
                0x000000000000b776                i2c_transmitinit
 .text.i2c_receive_n
                0x000000000000b7a8       0x44 contiki-z1.a(i2cmaster.o)
                0x000000000000b7a8                i2c_receive_n
 .text.i2c_busy
                0x000000000000b7ec        0xa contiki-z1.a(i2cmaster.o)
                0x000000000000b7ec                i2c_busy
 .text.i2c_enable
                0x000000000000b7f6       0x24 contiki-z1.a(i2cmaster.o)
                0x000000000000b7f6                i2c_enable
 .text.i2c_transmit_n
                0x000000000000b81a       0x14 contiki-z1.a(i2cmaster.o)
                0x000000000000b81a                i2c_transmit_n
 .text.i2c_tx_interrupt
                0x000000000000b82e       0x8a contiki-z1.a(i2cmaster.o)
                0x000000000000b82e                __isr_16
                0x000000000000b82e                i2c_tx_interrupt
 .text.i2c_rx_interrupt
                0x000000000000b8b8       0x18 contiki-z1.a(i2cmaster.o)
                0x000000000000b8b8                i2c_rx_interrupt
                0x000000000000b8b8                __isr_17
 .text.status   0x000000000000b8d0       0x16 contiki-z1.a(button-sensor.o)
 .text.configure
                0x000000000000b8e6       0x52 contiki-z1.a(button-sensor.o)
 .text.value    0x000000000000b938       0x22 contiki-z1.a(button-sensor.o)
 .text.irq_p2   0x000000000000b95a       0x76 contiki-z1.a(button-sensor.o)
                0x000000000000b95a                irq_p2
                0x000000000000b95a                __isr_19
 .text.stimer_set
                0x000000000000b9d0       0x1c contiki-z1.a(stimer.o)
                0x000000000000b9d0                stimer_set
 .text.stimer_expired
                0x000000000000b9ec       0x30 contiki-z1.a(stimer.o)
                0x000000000000b9ec                stimer_expired
 .text.memb_init
                0x000000000000ba1c       0x36 contiki-z1.a(memb.o)
                0x000000000000ba1c                memb_init
 .text.memb_alloc
                0x000000000000ba52       0x3e contiki-z1.a(memb.o)
                0x000000000000ba52                memb_alloc
 .text.memb_free
                0x000000000000ba90       0x3a contiki-z1.a(memb.o)
                0x000000000000ba90                memb_free
 .text.memb_inmemb
                0x000000000000baca       0x2e contiki-z1.a(memb.o)
                0x000000000000baca                memb_inmemb
 .text.memb_numfree
                0x000000000000baf8       0x26 contiki-z1.a(memb.o)
                0x000000000000baf8                memb_numfree
 .text.echo_reply_input
                0x000000000000bb1e       0xaa contiki-z1.a(uip-icmp6.o)
 .text.echo_request_input
                0x000000000000bbc8       0xca contiki-z1.a(uip-icmp6.o)
 .text.uip_icmp6_input
                0x000000000000bc92       0x40 contiki-z1.a(uip-icmp6.o)
                0x000000000000bc92                uip_icmp6_input
 .text.uip_icmp6_register_input_handler
                0x000000000000bcd2        0xc contiki-z1.a(uip-icmp6.o)
                0x000000000000bcd2                uip_icmp6_register_input_handler
 .text.uip_icmp6_error_output
                0x000000000000bcde      0x168 contiki-z1.a(uip-icmp6.o)
                0x000000000000bcde                uip_icmp6_error_output
 .text.uip_icmp6_send
                0x000000000000be46       0x86 contiki-z1.a(uip-icmp6.o)
                0x000000000000be46                uip_icmp6_send
 .text.uip_icmp6_init
                0x000000000000becc       0x12 contiki-z1.a(uip-icmp6.o)
                0x000000000000becc                uip_icmp6_init
 .text.uip_udp_packet_send
                0x000000000000bede       0x2a contiki-z1.a(uip-udp-packet.)
                0x000000000000bede                uip_udp_packet_send
 .text.uip_udp_packet_sendto
                0x000000000000bf08       0x56 contiki-z1.a(uip-udp-packet.)
                0x000000000000bf08                uip_udp_packet_sendto
 .text.prepare_for_dao_fwd
                0x000000000000bf5e       0x28 contiki-z1.a(rpl-icmp6.o)
 .text.get32    0x000000000000bf86       0x3e contiki-z1.a(rpl-icmp6.o)
 .text.set32    0x000000000000bfc4       0x2a contiki-z1.a(rpl-icmp6.o)
 .text.get16    0x000000000000bfee        0xe contiki-z1.a(rpl-icmp6.o)
 .text.set16    0x000000000000bffc       0x10 contiki-z1.a(rpl-icmp6.o)
 .text.dao_ack_input
                0x000000000000c00c        0xa contiki-z1.a(rpl-icmp6.o)
 .text.dio_input
                0x000000000000c016      0x282 contiki-z1.a(rpl-icmp6.o)
 .text.rpl_icmp6_update_nbr_table
                0x000000000000c298       0x28 contiki-z1.a(rpl-icmp6.o)
                0x000000000000c298                rpl_icmp6_update_nbr_table
 .text.dao_input
                0x000000000000c2c0      0x276 contiki-z1.a(rpl-icmp6.o)
 .text.dis_output
                0x000000000000c536       0x50 contiki-z1.a(rpl-icmp6.o)
                0x000000000000c536                dis_output
 .text.dio_output
                0x000000000000c586      0x24c contiki-z1.a(rpl-icmp6.o)
                0x000000000000c586                dio_output
 .text.dis_input
                0x000000000000c7d2       0x3e contiki-z1.a(rpl-icmp6.o)
 .text.dao_output_target
                0x000000000000c810       0xf8 contiki-z1.a(rpl-icmp6.o)
                0x000000000000c810                dao_output_target
 .text.dao_output
                0x000000000000c908       0xa0 contiki-z1.a(rpl-icmp6.o)
                0x000000000000c908                dao_output
 .text.rpl_icmp6_register_handlers
                0x000000000000c9a8       0x22 contiki-z1.a(rpl-icmp6.o)
                0x000000000000c9a8                rpl_icmp6_register_handlers
 .text.update_nbr
                0x000000000000c9ca       0xde contiki-z1.a(rpl-nbr-policy.)
 .text.handle_periodic_timer
                0x000000000000caa8        0xe contiki-z1.a(rpl-nbr-policy.)
 .text.find_removable_dis
                0x000000000000cab6       0x16 contiki-z1.a(rpl-nbr-policy.)
                0x000000000000cab6                find_removable_dis
 .text.find_removable_dio
                0x000000000000cacc       0x3c contiki-z1.a(rpl-nbr-policy.)
                0x000000000000cacc                find_removable_dio
 .text.find_removable_dao
                0x000000000000cb08       0x34 contiki-z1.a(rpl-nbr-policy.)
                0x000000000000cb08                find_removable_dao
 .text.rpl_nbr_policy_find_removable
                0x000000000000cb3c       0x30 contiki-z1.a(rpl-nbr-policy.)
                0x000000000000cb3c                rpl_nbr_policy_find_removable
 .text.frame802154_get_pan_id
                0x000000000000cb6c        0x6 contiki-z1.a(frame802154.o)
                0x000000000000cb6c                frame802154_get_pan_id
 .text.frame802154_has_panid
                0x000000000000cb72       0xdc contiki-z1.a(frame802154.o)
                0x000000000000cb72                frame802154_has_panid
 .text.field_len
                0x000000000000cc4e       0xae contiki-z1.a(frame802154.o)
 .text.frame802154_is_broadcast_addr
                0x000000000000ccfc       0x24 contiki-z1.a(frame802154.o)
                0x000000000000ccfc                frame802154_is_broadcast_addr
 .text.frame802154_hdrlen
                0x000000000000cd20       0x32 contiki-z1.a(frame802154.o)
                0x000000000000cd20                frame802154_hdrlen
 .text.frame802154_create_fcf
                0x000000000000cd52       0x6e contiki-z1.a(frame802154.o)
                0x000000000000cd52                frame802154_create_fcf
 .text.frame802154_create
                0x000000000000cdc0       0xd4 contiki-z1.a(frame802154.o)
                0x000000000000cdc0                frame802154_create
 .text.frame802154_parse_fcf
                0x000000000000ce94       0x8a contiki-z1.a(frame802154.o)
                0x000000000000ce94                frame802154_parse_fcf
 .text.frame802154_parse
                0x000000000000cf1e      0x178 contiki-z1.a(frame802154.o)
                0x000000000000cf1e                frame802154_parse
 .text.mac_call_sent_callback
                0x000000000000d096       0x14 contiki-z1.a(mac.o)
                0x000000000000d096                mac_call_sent_callback
 .text.libgcc   0x000000000000d0aa       0x2a /usr/lib/gcc/msp430/4.6.3/mcpu-430x/mmpy-16/libgcc.a(_mulsi3.o)
                0x000000000000d0aa                __mulsi3
 .text.libgcc   0x000000000000d0d4       0x22 /usr/lib/gcc/msp430/4.6.3/mcpu-430x/mmpy-16/libgcc.a(_udivmod16.o)
                0x000000000000d0d4                __udivhi3
                0x000000000000d0d4                __ext_udivmod16
                0x000000000000d0ee                __umodhi3
 .text.libgcc   0x000000000000d0f6       0x3a /usr/lib/gcc/msp430/4.6.3/mcpu-430x/mmpy-16/libgcc.a(_divmod16.o)
                0x000000000000d0f6                __ext_divmod16
                0x000000000000d0f6                __divhi3
                0x000000000000d128                __modhi3
 .text.libgcc   0x000000000000d130       0x38 /usr/lib/gcc/msp430/4.6.3/mcpu-430x/mmpy-16/libgcc.a(_udivmod32.o)
                0x000000000000d130                __udivsi3
                0x000000000000d130                __ext_udivmod32
                0x000000000000d15e                __umodsi3
 .text.libgcc   0x000000000000d168       0x4c /usr/lib/gcc/msp430/4.6.3/mcpu-430x/mmpy-16/libgcc.a(_divmod32.o)
                0x000000000000d168                __ext_divmod32
                0x000000000000d168                __divsi3
                0x000000000000d1aa                __modsi3
 .text          0x000000000000d1b4       0x12 /usr/lib/gcc/msp430/4.6.3/../../../../msp430/lib/mcpu-430x/mmpy-16/libc.a(strchr.o)
                0x000000000000d1b4                strchr
 .text          0x000000000000d1c6       0x1e /usr/lib/gcc/msp430/4.6.3/../../../../msp430/lib/mcpu-430x/mmpy-16/libc.a(strcmp.o)
                0x000000000000d1c6                strcmp
 .text          0x000000000000d1e4       0x20 /usr/lib/gcc/msp430/4.6.3/../../../../msp430/lib/mcpu-430x/mmpy-16/libc.a(memcmp.o)
                0x000000000000d1e4                memcmp
 .text          0x000000000000d204       0x14 /usr/lib/gcc/msp430/4.6.3/../../../../msp430/lib/mcpu-430x/mmpy-16/libc.a(strcpy.o)
                0x000000000000d204                strcpy
 .text          0x000000000000d218       0x2a /usr/lib/gcc/msp430/4.6.3/../../../../msp430/lib/mcpu-430x/mmpy-16/libc.a(strncpy.o)
                0x000000000000d218                strncpy
 .text          0x000000000000d242       0xe4 /usr/lib/gcc/msp430/4.6.3/../../../../msp430/lib/mcpu-430x/mmpy-16/libc.a(memcpy.o)
                0x000000000000d242                memcpy
 .text          0x000000000000d326       0xe4 /usr/lib/gcc/msp430/4.6.3/../../../../msp430/lib/mcpu-430x/mmpy-16/libc.a(memmove.o)
                0x000000000000d326                memmove
 .text          0x000000000000d40a       0x5c /usr/lib/gcc/msp430/4.6.3/../../../../msp430/lib/mcpu-430x/mmpy-16/libc.a(memset.o)
                0x000000000000d40a                memset
 .text          0x000000000000d466       0xf2 /usr/lib/gcc/msp430/4.6.3/../../../../msp430/lib/mcpu-430x/mmpy-16/libc.a(malloc.o)
                0x000000000000d466                malloc
                0x000000000000d550                free
 .text          0x000000000000d558       0x1e /usr/lib/gcc/msp430/4.6.3/../../../../msp430/lib/mcpu-430x/mmpy-16/libc.a(printf.o)
                0x000000000000d558                printf
                0x000000000000d568                vprintf
 .text          0x000000000000d576       0xb8 /usr/lib/gcc/msp430/4.6.3/../../../../msp430/lib/mcpu-430x/mmpy-16/libc.a(sprintf.o)
                0x000000000000d5d0                sprintf
                0x000000000000d5ec                snprintf
                0x000000000000d606                vsprintf
                0x000000000000d61c                vsnprintf
 .text          0x000000000000d62e      0x818 /usr/lib/gcc/msp430/4.6.3/../../../../msp430/lib/mcpu-430x/mmpy-16/libc.a(vuprintf.o)
                0x000000000000d7aa                vuprintf
 .text          0x000000000000de46       0x2c /usr/lib/gcc/msp430/4.6.3/../../../../msp430/lib/mcpu-430x/mmpy-16/libc.a(puts.o)
                0x000000000000de46                puts
 .text          0x000000000000de72       0x54 /usr/lib/gcc/msp430/4.6.3/../../../../msp430/lib/mcpu-430x/mmpy-16/libc.a(rand.o)
                0x000000000000de72                rand_r
                0x000000000000de96                rand
                0x000000000000debc                srand
 .text.libgcc   0x000000000000dec6       0xbc /usr/lib/gcc/msp430/4.6.3/mcpu-430x/mmpy-16/libgcc.a(_udivmod64.o)
                0x000000000000dec6                __xabi_udivmod64
                0x000000000000df18                __udivdi3
                0x000000000000df32                __umoddi3
                0x000000000000df54                __udivmoddi4
 .text.crt0     0x000000000000df82        0x2 /usr/lib/gcc/msp430/4.6.3/mcpu-430x/mmpy-16/libcrt0.a(_unexpected_.o)
                0x000000000000df82                _unexpected_
                0x000000000000df84                . = ALIGN (0x2)

.rodata         0x000000000000df84      0x6c0
                0x000000000000df84                . = ALIGN (0x2)
 *(.rodata .rodata.* .gnu.linkonce.r.*)
 .rodata        0x000000000000df84       0xe0 main_core_temp.co
                0x000000000000e042                autostart_processes
 .rodata        0x000000000000e064      0x31c obj_z1/mqtt_sn.o
 .rodata        0x000000000000e380      0x11a obj_z1/contiki-z1-main.o
 .rodata        0x000000000000e49a       0x70 contiki-z1.a(cc2420.o)
                0x000000000000e4cc                cc2420_aes_128_driver
                0x000000000000e4d0                cc2420_driver
 .rodata        0x000000000000e50a        0x8 contiki-z1.a(sensors.o)
 .rodata        0x000000000000e512       0x2e contiki-z1.a(adxl345.o)
                0x000000000000e522                adxl345
 .rodata        0x000000000000e540       0x16 contiki-z1.a(tmp102.o)
                0x000000000000e54e                tmp102
 .rodata        0x000000000000e556        0xc contiki-z1.a(etimer.o)
 .rodata        0x000000000000e562        0xf contiki-z1.a(ctimer.o)
 *fill*         0x000000000000e571        0x1 00
 .rodata        0x000000000000e572       0x24 contiki-z1.a(sicslowpan.o)
                0x000000000000e57e                sicslowpan_driver
                0x000000000000e584                llprefix
                0x000000000000e586                unc_mxconf
                0x000000000000e58a                unc_ctxconf
                0x000000000000e58e                unc_llconf
 .rodata        0x000000000000e596       0x28 contiki-z1.a(uip-debug.o)
 .rodata        0x000000000000e5be        0xd contiki-z1.a(tcpip.o)
 .rodata        0x000000000000e5cb       0x13 contiki-z1.a(simple-udp.o)
 .rodata        0x000000000000e5de        0x8 contiki-z1.a(linkaddr.o)
                0x000000000000e5de                linkaddr_null
 .rodata        0x000000000000e5e6       0x16 contiki-z1.a(nullmac.o)
                0x000000000000e5ee                nullmac_driver
 .rodata        0x000000000000e5fc        0x6 contiki-z1.a(framer-802154.o)
                0x000000000000e5fc                framer_802154
 .rodata        0x000000000000e602       0x18 contiki-z1.a(nullrdc.o)
                0x000000000000e60a                nullrdc_driver
 .rodata        0x000000000000e61a       0x10 contiki-z1.a(nullsec.o)
                0x000000000000e622                nullsec_driver
 .rodata        0x000000000000e62a       0x10 contiki-z1.a(button-sensor.o)
                0x000000000000e632                button_sensor
 .rodata        0x000000000000e63a        0x2 contiki-z1.a(frame802154.o)
 .rodata        0x000000000000e63c        0x7 /usr/lib/gcc/msp430/4.6.3/../../../../msp430/lib/mcpu-430x/mmpy-16/libc.a(vuprintf.o)
                0x000000000000e644                . = ALIGN (0x2)
 *fill*         0x000000000000e643        0x1 00
                0x000000000000e644                _etext = .

.data           0x0000000000001100      0x12c load address 0x000000000000e644
                0x0000000000001100                . = ALIGN (0x2)
                0x0000000000001100                PROVIDE (__data_start, .)
 *(.data .data.* .gnu.linkonce.d.*)
 .data          0x0000000000001100       0x1a main_core_temp.co
                0x0000000000001100                init_system_process
 .data          0x000000000000111a        0xe obj_z1/mqtt_sn.o
                0x000000000000111a                mqtt_sn_main
 .data          0x0000000000001128        0x2 contiki-z1.a(msp430.o)
 .data          0x000000000000112a        0xc contiki-z1.a(cc2420.o)
                0x000000000000112a                cc2420_process
 .data          0x0000000000001136        0xa contiki-z1.a(sensors.o)
                0x0000000000001136                sensors_process
 .data          0x0000000000001140        0x8 contiki-z1.a(z1-sensors.o)
                0x0000000000001140                sensors
 .data          0x0000000000001148       0x20 contiki-z1.a(adxl345.o)
                0x0000000000001148                accmeter_process